Archive member included to satisfy reference by file (symbol)

/opt/st/stm32cubeide_1.6.1/plugins/com.st.stm32cube.ide.mcu.externaltools.gnu-tools-for-stm32.9-2020-q2-update.linux64_1.5.0.202011040924/tools/bin/../lib/gcc/arm-none-eabi/9.3.1/../../../../arm-none-eabi/lib/thumb/v7-m/nofp/libc_nano.a(lib_a-errno.o)
                              Core/Src/syscalls.o (__errno)
/opt/st/stm32cubeide_1.6.1/plugins/com.st.stm32cube.ide.mcu.externaltools.gnu-tools-for-stm32.9-2020-q2-update.linux64_1.5.0.202011040924/tools/bin/../lib/gcc/arm-none-eabi/9.3.1/../../../../arm-none-eabi/lib/thumb/v7-m/nofp/libc_nano.a(lib_a-exit.o)
                              /opt/st/stm32cubeide_1.6.1/plugins/com.st.stm32cube.ide.mcu.externaltools.gnu-tools-for-stm32.9-2020-q2-update.linux64_1.5.0.202011040924/tools/bin/../lib/gcc/arm-none-eabi/9.3.1/../../../../arm-none-eabi/lib/thumb/v7-m/nofp/crt0.o (exit)
/opt/st/stm32cubeide_1.6.1/plugins/com.st.stm32cube.ide.mcu.externaltools.gnu-tools-for-stm32.9-2020-q2-update.linux64_1.5.0.202011040924/tools/bin/../lib/gcc/arm-none-eabi/9.3.1/../../../../arm-none-eabi/lib/thumb/v7-m/nofp/libc_nano.a(lib_a-impure.o)
                              /opt/st/stm32cubeide_1.6.1/plugins/com.st.stm32cube.ide.mcu.externaltools.gnu-tools-for-stm32.9-2020-q2-update.linux64_1.5.0.202011040924/tools/bin/../lib/gcc/arm-none-eabi/9.3.1/../../../../arm-none-eabi/lib/thumb/v7-m/nofp/libc_nano.a(lib_a-exit.o) (_global_impure_ptr)
/opt/st/stm32cubeide_1.6.1/plugins/com.st.stm32cube.ide.mcu.externaltools.gnu-tools-for-stm32.9-2020-q2-update.linux64_1.5.0.202011040924/tools/bin/../lib/gcc/arm-none-eabi/9.3.1/../../../../arm-none-eabi/lib/thumb/v7-m/nofp/libc_nano.a(lib_a-init.o)
                              /opt/st/stm32cubeide_1.6.1/plugins/com.st.stm32cube.ide.mcu.externaltools.gnu-tools-for-stm32.9-2020-q2-update.linux64_1.5.0.202011040924/tools/bin/../lib/gcc/arm-none-eabi/9.3.1/../../../../arm-none-eabi/lib/thumb/v7-m/nofp/crt0.o (__libc_init_array)
/opt/st/stm32cubeide_1.6.1/plugins/com.st.stm32cube.ide.mcu.externaltools.gnu-tools-for-stm32.9-2020-q2-update.linux64_1.5.0.202011040924/tools/bin/../lib/gcc/arm-none-eabi/9.3.1/../../../../arm-none-eabi/lib/thumb/v7-m/nofp/libc_nano.a(lib_a-memset.o)
                              /opt/st/stm32cubeide_1.6.1/plugins/com.st.stm32cube.ide.mcu.externaltools.gnu-tools-for-stm32.9-2020-q2-update.linux64_1.5.0.202011040924/tools/bin/../lib/gcc/arm-none-eabi/9.3.1/../../../../arm-none-eabi/lib/thumb/v7-m/nofp/crt0.o (memset)
/opt/st/stm32cubeide_1.6.1/plugins/com.st.stm32cube.ide.mcu.externaltools.gnu-tools-for-stm32.9-2020-q2-update.linux64_1.5.0.202011040924/tools/bin/../lib/gcc/arm-none-eabi/9.3.1/../../../../arm-none-eabi/lib/thumb/v7-m/nofp/libm.a(lib_a-w_pow.o)
                              Aplicaciones/app_DigitalDimmer.o (pow)
/opt/st/stm32cubeide_1.6.1/plugins/com.st.stm32cube.ide.mcu.externaltools.gnu-tools-for-stm32.9-2020-q2-update.linux64_1.5.0.202011040924/tools/bin/../lib/gcc/arm-none-eabi/9.3.1/../../../../arm-none-eabi/lib/thumb/v7-m/nofp/libm.a(lib_a-e_pow.o)
                              /opt/st/stm32cubeide_1.6.1/plugins/com.st.stm32cube.ide.mcu.externaltools.gnu-tools-for-stm32.9-2020-q2-update.linux64_1.5.0.202011040924/tools/bin/../lib/gcc/arm-none-eabi/9.3.1/../../../../arm-none-eabi/lib/thumb/v7-m/nofp/libm.a(lib_a-w_pow.o) (__ieee754_pow)
/opt/st/stm32cubeide_1.6.1/plugins/com.st.stm32cube.ide.mcu.externaltools.gnu-tools-for-stm32.9-2020-q2-update.linux64_1.5.0.202011040924/tools/bin/../lib/gcc/arm-none-eabi/9.3.1/../../../../arm-none-eabi/lib/thumb/v7-m/nofp/libm.a(lib_a-e_sqrt.o)
                              /opt/st/stm32cubeide_1.6.1/plugins/com.st.stm32cube.ide.mcu.externaltools.gnu-tools-for-stm32.9-2020-q2-update.linux64_1.5.0.202011040924/tools/bin/../lib/gcc/arm-none-eabi/9.3.1/../../../../arm-none-eabi/lib/thumb/v7-m/nofp/libm.a(lib_a-e_pow.o) (__ieee754_sqrt)
/opt/st/stm32cubeide_1.6.1/plugins/com.st.stm32cube.ide.mcu.externaltools.gnu-tools-for-stm32.9-2020-q2-update.linux64_1.5.0.202011040924/tools/bin/../lib/gcc/arm-none-eabi/9.3.1/../../../../arm-none-eabi/lib/thumb/v7-m/nofp/libm.a(lib_a-s_fabs.o)
                              /opt/st/stm32cubeide_1.6.1/plugins/com.st.stm32cube.ide.mcu.externaltools.gnu-tools-for-stm32.9-2020-q2-update.linux64_1.5.0.202011040924/tools/bin/../lib/gcc/arm-none-eabi/9.3.1/../../../../arm-none-eabi/lib/thumb/v7-m/nofp/libm.a(lib_a-e_pow.o) (fabs)
/opt/st/stm32cubeide_1.6.1/plugins/com.st.stm32cube.ide.mcu.externaltools.gnu-tools-for-stm32.9-2020-q2-update.linux64_1.5.0.202011040924/tools/bin/../lib/gcc/arm-none-eabi/9.3.1/../../../../arm-none-eabi/lib/thumb/v7-m/nofp/libm.a(lib_a-s_finite.o)
                              /opt/st/stm32cubeide_1.6.1/plugins/com.st.stm32cube.ide.mcu.externaltools.gnu-tools-for-stm32.9-2020-q2-update.linux64_1.5.0.202011040924/tools/bin/../lib/gcc/arm-none-eabi/9.3.1/../../../../arm-none-eabi/lib/thumb/v7-m/nofp/libm.a(lib_a-w_pow.o) (finite)
[...]
Memory Configuration

Name             Origin             Length             Attributes
RAM              0x0000000020000000 0x0000000000005000 xrw
FLASH            0x0000000008000000 0x0000000000010000 xr
*default*        0x0000000000000000 0xffffffffffffffff

Linker script and memory map

LOAD /opt/st/stm32cubeide_1.6.1/plugins/com.st.stm32cube.ide.mcu.externaltools.gnu-tools-for-stm32.9-2020-q2-update.linux64_1.5.0.202011040924/tools/bin/../lib/gcc/arm-none-eabi/9.3.1/thumb/v7-m/nofp/crti.o
LOAD /opt/st/stm32cubeide_1.6.1/plugins/com.st.stm32cube.ide.mcu.externaltools.gnu-tools-for-stm32.9-2020-q2-update.linux64_1.5.0.202011040924/tools/bin/../lib/gcc/arm-none-eabi/9.3.1/thumb/v7-m/nofp/crtbegin.o
LOAD /opt/st/stm32cubeide_1.6.1/plugins/com.st.stm32cube.ide.mcu.externaltools.gnu-tools-for-stm32.9-2020-q2-update.linux64_1.5.0.202011040924/tools/bin/../lib/gcc/arm-none-eabi/9.3.1/../../../../arm-none-eabi/lib/thumb/v7-m/nofp/crt0.o
LOAD Aplicaciones/app_Debounce.o
LOAD Aplicaciones/app_Delay.o
LOAD Aplicaciones/app_DigitalDimmer.o
LOAD Aplicaciones/app_MAX7219.o
LOAD Aplicaciones/pid_controller.o
LOAD Core/Src/main.o
LOAD Core/Src/stm32f1xx_hal_msp.o
LOAD Core/Src/stm32f1xx_it.o
LOAD Core/Src/syscalls.o
LOAD Core/Src/sysmem.o
LOAD Core/Src/system_stm32f1xx.o
LOAD Core/Startup/startup_stm32f103c8tx.o
LOAD Drivers/STM32F1xx_HAL_Driver/Src/stm32f1xx_hal.o
LOAD Drivers/STM32F1xx_HAL_Driver/Src/stm32f1xx_hal_cortex.o
LOAD Drivers/STM32F1xx_HAL_Driver/Src/stm32f1xx_hal_dma.o
LOAD Drivers/STM32F1xx_HAL_Driver/Src/stm32f1xx_hal_exti.o
LOAD Drivers/STM32F1xx_HAL_Driver/Src/stm32f1xx_hal_flash.o
LOAD Drivers/STM32F1xx_HAL_Driver/Src/stm32f1xx_hal_flash_ex.o
LOAD Drivers/STM32F1xx_HAL_Driver/Src/stm32f1xx_hal_gpio.o
LOAD Drivers/STM32F1xx_HAL_Driver/Src/stm32f1xx_hal_gpio_ex.o
LOAD Drivers/STM32F1xx_HAL_Driver/Src/stm32f1xx_hal_pwr.o
LOAD Drivers/STM32F1xx_HAL_Driver/Src/stm32f1xx_hal_rcc.o
LOAD Drivers/STM32F1xx_HAL_Driver/Src/stm32f1xx_hal_rcc_ex.o
LOAD Drivers/STM32F1xx_HAL_Driver/Src/stm32f1xx_hal_spi.o
LOAD Drivers/STM32F1xx_HAL_Driver/Src/stm32f1xx_hal_tim.o
LOAD Drivers/STM32F1xx_HAL_Driver/Src/stm32f1xx_hal_tim_ex.o
START GROUP
LOAD /opt/st/stm32cubeide_1.6.1/plugins/com.st.stm32cube.ide.mcu.externaltools.gnu-tools-for-stm32.9-2020-q2-update.linux64_1.5.0.202011040924/tools/bin/../lib/gcc/arm-none-eabi/9.3.1/../../../../arm-none-eabi/lib/thumb/v7-m/nofp/libc_nano.a
LOAD /opt/st/stm32cubeide_1.6.1/plugins/com.st.stm32cube.ide.mcu.externaltools.gnu-tools-for-stm32.9-2020-q2-update.linux64_1.5.0.202011040924/tools/bin/../lib/gcc/arm-none-eabi/9.3.1/../../../../arm-none-eabi/lib/thumb/v7-m/nofp/libm.a
END GROUP
START GROUP
LOAD /opt/st/stm32cubeide_1.6.1/plugins/com.st.stm32cube.ide.mcu.externaltools.gnu-tools-for-stm32.9-2020-q2-update.linux64_1.5.0.202011040924/tools/bin/../lib/gcc/arm-none-eabi/9.3.1/thumb/v7-m/nofp/libgcc.a
LOAD /opt/st/stm32cubeide_1.6.1/plugins/com.st.stm32cube.ide.mcu.externaltools.gnu-tools-for-stm32.9-2020-q2-update.linux64_1.5.0.202011040924/tools/bin/../lib/gcc/arm-none-eabi/9.3.1/../../../../arm-none-eabi/lib/thumb/v7-m/nofp/libc_nano.a
END GROUP
START GROUP
LOAD /opt/st/stm32cubeide_1.6.1/plugins/com.st.stm32cube.ide.mcu.externaltools.gnu-tools-for-stm32.9-2020-q2-update.linux64_1.5.0.202011040924/tools/bin/../lib/gcc/arm-none-eabi/9.3.1/thumb/v7-m/nofp/libgcc.a
LOAD /opt/st/stm32cubeide_1.6.1/plugins/com.st.stm32cube.ide.mcu.externaltools.gnu-tools-for-stm32.9-2020-q2-update.linux64_1.5.0.202011040924/tools/bin/../lib/gcc/arm-none-eabi/9.3.1/../../../../arm-none-eabi/lib/thumb/v7-m/nofp/libc_nano.a
LOAD /opt/st/stm32cubeide_1.6.1/plugins/com.st.stm32cube.ide.mcu.externaltools.gnu-tools-for-stm32.9-2020-q2-update.linux64_1.5.0.202011040924/tools/bin/../lib/gcc/arm-none-eabi/9.3.1/../../../../arm-none-eabi/lib/thumb/v7-m/nofp/libnosys.a
END GROUP
START GROUP
LOAD /opt/st/stm32cubeide_1.6.1/plugins/com.st.stm32cube.ide.mcu.externaltools.gnu-tools-for-stm32.9-2020-q2-update.linux64_1.5.0.202011040924/tools/bin/../lib/gcc/arm-none-eabi/9.3.1/thumb/v7-m/nofp/libgcc.a
LOAD /opt/st/stm32cubeide_1.6.1/plugins/com.st.stm32cube.ide.mcu.externaltools.gnu-tools-for-stm32.9-2020-q2-update.linux64_1.5.0.202011040924/tools/bin/../lib/gcc/arm-none-eabi/9.3.1/../../../../arm-none-eabi/lib/thumb/v7-m/nofp/libc_nano.a
LOAD /opt/st/stm32cubeide_1.6.1/plugins/com.st.stm32cube.ide.mcu.externaltools.gnu-tools-for-stm32.9-2020-q2-update.linux64_1.5.0.202011040924/tools/bin/../lib/gcc/arm-none-eabi/9.3.1/../../../../arm-none-eabi/lib/thumb/v7-m/nofp/libnosys.a
END GROUP
LOAD /opt/st/stm32cubeide_1.6.1/plugins/com.st.stm32cube.ide.mcu.externaltools.gnu-tools-for-stm32.9-2020-q2-update.linux64_1.5.0.202011040924/tools/bin/../lib/gcc/arm-none-eabi/9.3.1/thumb/v7-m/nofp/crtend.o
LOAD /opt/st/stm32cubeide_1.6.1/plugins/com.st.stm32cube.ide.mcu.externaltools.gnu-tools-for-stm32.9-2020-q2-update.linux64_1.5.0.202011040924/tools/bin/../lib/gcc/arm-none-eabi/9.3.1/thumb/v7-m/nofp/crtn.o
                0x0000000020005000                _estack = (ORIGIN (RAM) + LENGTH (RAM))
                0x0000000000000200                _Min_Heap_Size = 0x200
                0x0000000000000400                _Min_Stack_Size = 0x400

.isr_vector     0x0000000008000000      0x10c
                0x0000000008000000                . = ALIGN (0x4)
 *(.isr_vector)
 .isr_vector    0x0000000008000000      0x10c Core/Startup/startup_stm32f103c8tx.o
                0x0000000008000000                g_pfnVectors
                0x000000000800010c                . = ALIGN (0x4)

.text           0x0000000008000110     0x54cc
                0x0000000008000110                . = ALIGN (0x4)
 *(.text)
 .text          0x0000000008000110       0x40 /opt/st/stm32cubeide_1.6.1/plugins/com.st.stm32cube.ide.mcu.externaltools.gnu-tools-for-stm32.9-2020-q2-update.linux64_1.5.0.202011040924/tools/bin/../lib/gcc/arm-none-eabi/9.3.1/thumb/v7-m/nofp/crtbegin.o
 .text          0x0000000008000150      0x378 /opt/st/stm32cubeide_1.6.1/plugins/com.st.stm32cube.ide.mcu.externaltools.gnu-tools-for-stm32.9-2020-q2-update.linux64_1.5.0.202011040924/tools/bin/../lib/gcc/arm-none-eabi/9.3.1/thumb/v7-m/nofp/libgcc.a(_arm_addsubdf3.o)
                0x0000000008000150                __aeabi_drsub
                0x0000000008000158                __aeabi_dsub
                0x0000000008000158                __subdf3
                0x000000000800015c                __adddf3
                0x000000000800015c                __aeabi_dadd
                0x00000000080003d4                __aeabi_ui2d
                0x00000000080003d4                __floatunsidf
                0x00000000080003f4                __floatsidf
                0x00000000080003f4                __aeabi_i2d
                0x0000000008000418                __extendsfdf2
                0x0000000008000418                __aeabi_f2d
                0x000000000800045c                __aeabi_ul2d
                0x000000000800045c                __floatundidf
                0x000000000800046c                __floatdidf
                0x000000000800046c                __aeabi_l2d
 .text          0x00000000080004c8      0x424 /opt/st/stm32cubeide_1.6.1/plugins/com.st.stm32cube.ide.mcu.externaltools.gnu-tools-for-stm32.9-2020-q2-update.linux64_1.5.0.202011040924/tools/bin/../lib/gcc/arm-none-eabi/9.3.1/thumb/v7-m/nofp/libgcc.a(_arm_muldivdf3.o)
                0x00000000080004c8                __aeabi_dmul
                0x00000000080004c8                __muldf3
                0x000000000800071c                __aeabi_ddiv
                0x000000000800071c                __divdf3
 .text          0x00000000080008ec      0x110 /opt/st/stm32cubeide_1.6.1/plugins/com.st.stm32cube.ide.mcu.externaltools.gnu-tools-for-stm32.9-2020-q2-update.linux64_1.5.0.202011040924/tools/bin/../lib/gcc/arm-none-eabi/9.3.1/thumb/v7-m/nofp/libgcc.a(_arm_cmpdf2.o)
                0x00000000080008ec                __gtdf2
                0x00000000080008ec                __gedf2
                0x00000000080008f4                __ltdf2
                0x00000000080008f4                __ledf2
                0x00000000080008fc                __cmpdf2
                0x00000000080008fc                __eqdf2
                0x00000000080008fc                __nedf2
                0x0000000008000978                __aeabi_cdrcmple
                0x0000000008000988                __aeabi_cdcmple
                0x0000000008000988                __aeabi_cdcmpeq
                0x0000000008000998                __aeabi_dcmpeq
                0x00000000080009ac                __aeabi_dcmplt
                0x00000000080009c0                __aeabi_dcmple
                0x00000000080009d4                __aeabi_dcmpge
                0x00000000080009e8                __aeabi_dcmpgt
 .text          0x00000000080009fc       0x2c /opt/st/stm32cubeide_1.6.1/plugins/com.st.stm32cube.ide.mcu.externaltools.gnu-tools-for-stm32.9-2020-q2-update.linux64_1.5.0.202011040924/tools/bin/../lib/gcc/arm-none-eabi/9.3.1/thumb/v7-m/nofp/libgcc.a(_arm_unorddf2.o)
                0x00000000080009fc                __aeabi_dcmpun
                0x00000000080009fc                __unorddf2
 .text          0x0000000008000a28       0x40 /opt/st/stm32cubeide_1.6.1/plugins/com.st.stm32cube.ide.mcu.externaltools.gnu-tools-for-stm32.9-2020-q2-update.linux64_1.5.0.202011040924/tools/bin/../lib/gcc/arm-none-eabi/9.3.1/thumb/v7-m/nofp/libgcc.a(_arm_fixunsdfsi.o)
                0x0000000008000a28                __fixunsdfsi
                0x0000000008000a28                __aeabi_d2uiz
 .text          0x0000000008000a68      0x21c /opt/st/stm32cubeide_1.6.1/plugins/com.st.stm32cube.ide.mcu.externaltools.gnu-tools-for-stm32.9-2020-q2-update.linux64_1.5.0.202011040924/tools/bin/../lib/gcc/arm-none-eabi/9.3.1/thumb/v7-m/nofp/libgcc.a(_arm_addsubsf3.o)
                0x0000000008000a68                __aeabi_frsub
                0x0000000008000a70                __subsf3
                0x0000000008000a70                __aeabi_fsub
                0x0000000008000a74                __aeabi_fadd
                0x0000000008000a74                __addsf3
                0x0000000008000bd4                __aeabi_ui2f
                0x0000000008000bd4                __floatunsisf
                0x0000000008000bdc                __aeabi_i2f
                0x0000000008000bdc                __floatsisf
                0x0000000008000bf8                __floatundisf
                0x0000000008000bf8                __aeabi_ul2f
                0x0000000008000c08                __floatdisf
                0x0000000008000c08                __aeabi_l2f
 .text          0x0000000008000c84      0x2a0 /opt/st/stm32cubeide_1.6.1/plugins/com.st.stm32cube.ide.mcu.externaltools.gnu-tools-for-stm32.9-2020-q2-update.linux64_1.5.0.202011040924/tools/bin/../lib/gcc/arm-none-eabi/9.3.1/thumb/v7-m/nofp/libgcc.a(_arm_muldivsf3.o)
                0x0000000008000c84                __mulsf3
                0x0000000008000c84                __aeabi_fmul
                0x0000000008000dec                __divsf3
                0x0000000008000dec                __aeabi_fdiv
 .text          0x0000000008000f24       0xec /opt/st/stm32cubeide_1.6.1/plugins/com.st.stm32cube.ide.mcu.externaltools.gnu-tools-for-stm32.9-2020-q2-update.linux64_1.5.0.202011040924/tools/bin/../lib/gcc/arm-none-eabi/9.3.1/thumb/v7-m/nofp/libgcc.a(_arm_cmpsf2.o)
                0x0000000008000f24                __gtsf2
                0x0000000008000f24                __gesf2
                0x0000000008000f2c                __lesf2
                0x0000000008000f2c                __ltsf2
                0x0000000008000f34                __nesf2
                0x0000000008000f34                __eqsf2
                0x0000000008000f34                __cmpsf2
                0x0000000008000f94                __aeabi_cfrcmple
                0x0000000008000f9c                __aeabi_cfcmple
                0x0000000008000f9c                __aeabi_cfcmpeq
                0x0000000008000fac                __aeabi_fcmpeq
                0x0000000008000fc0                __aeabi_fcmplt
                0x0000000008000fd4                __aeabi_fcmple
                0x0000000008000fe8                __aeabi_fcmpge
                0x0000000008000ffc                __aeabi_fcmpgt
 .text          0x0000000008001010       0x40 /opt/st/stm32cubeide_1.6.1/plugins/com.st.stm32cube.ide.mcu.externaltools.gnu-tools-for-stm32.9-2020-q2-update.linux64_1.5.0.202011040924/tools/bin/../lib/gcc/arm-none-eabi/9.3.1/thumb/v7-m/nofp/libgcc.a(_arm_fixunssfsi.o)
                0x0000000008001010                __aeabi_f2uiz
                0x0000000008001010                __fixunssfsi
 *(.text*)
 .text.app_Debounce
                0x0000000008001050      0x258 Aplicaciones/app_Debounce.o
                0x0000000008001050                app_Debounce
 .text.app_SeleccionarAngulo
                0x00000000080012a8      0x1e4 Aplicaciones/app_Debounce.o
                0x00000000080012a8                app_SeleccionarAngulo
 .text.delay_us
                0x000000000800148c       0x30 Aplicaciones/app_Delay.o
                0x000000000800148c                delay_us
 .text.delay_ms
                0x00000000080014bc       0x40 Aplicaciones/app_Delay.o
                0x00000000080014bc                delay_ms
 .text.app_CruceCero
                0x00000000080014fc       0x54 Aplicaciones/app_DigitalDimmer.o
                0x00000000080014fc                app_CruceCero
 .text.app_PIDDimmer
                0x0000000008001550      0x280 Aplicaciones/app_DigitalDimmer.o
                0x0000000008001550                app_PIDDimmer
 .text.SPI_CS_ENABLE
                0x00000000080017d0       0x18 Aplicaciones/app_MAX7219.o
                0x00000000080017d0                SPI_CS_ENABLE
 .text.SPI_CS_DISABLE
                0x00000000080017e8       0x18 Aplicaciones/app_MAX7219.o
                0x00000000080017e8                SPI_CS_DISABLE
 .text.SPI_Transmit
                0x0000000008001800       0x22 Aplicaciones/app_MAX7219.o
                0x0000000008001800                SPI_Transmit
 *fill*         0x0000000008001822        0x2 
 .text.app_InitMAX7219
                0x0000000008001824       0x9c Aplicaciones/app_MAX7219.o
                0x0000000008001824                app_InitMAX7219
 .text.app_NumeroAMAX7219
                0x00000000080018c0       0x80 Aplicaciones/app_MAX7219.o
                0x00000000080018c0                app_NumeroAMAX7219
 .text.app_LimpiarDisplays
                0x0000000008001940       0x44 Aplicaciones/app_MAX7219.o
                0x0000000008001940                app_LimpiarDisplays
 .text.PIDInit  0x0000000008001984       0x5c Aplicaciones/pid_controller.o
                0x0000000008001984                PIDInit
 .text.PIDCompute
                0x00000000080019e0      0x134 Aplicaciones/pid_controller.o
                0x00000000080019e0                PIDCompute
 .text.PIDOutputLimitsSet
                0x0000000008001b14       0xa4 Aplicaciones/pid_controller.o
                0x0000000008001b14                PIDOutputLimitsSet
 .text.PIDTuningsSet
                0x0000000008001bb8       0xb8 Aplicaciones/pid_controller.o
                0x0000000008001bb8                PIDTuningsSet
 .text.PIDSetpointSet
                0x0000000008001c70       0x1c Aplicaciones/pid_controller.o
                0x0000000008001c70                PIDSetpointSet
 .text.PIDInputSet
                0x0000000008001c8c       0x1c Aplicaciones/pid_controller.o
                0x0000000008001c8c                PIDInputSet
 .text.PIDOutputGet
                0x0000000008001ca8       0x14 Aplicaciones/pid_controller.o
                0x0000000008001ca8                PIDOutputGet
 .text.HAL_GPIO_EXTI_Callback
                0x0000000008001cbc       0x28 Core/Src/main.o
                0x0000000008001cbc                HAL_GPIO_EXTI_Callback
 .text.HAL_TIM_IC_CaptureCallback
                0x0000000008001ce4       0xc0 Core/Src/main.o
                0x0000000008001ce4                HAL_TIM_IC_CaptureCallback
 .text.main     0x0000000008001da4       0x68 Core/Src/main.o
                0x0000000008001da4                main
 .text.SystemClock_Config
                0x0000000008001e0c       0x76 Core/Src/main.o
                0x0000000008001e0c                SystemClock_Config
 *fill*         0x0000000008001e82        0x2 
 .text.MX_SPI1_Init
                0x0000000008001e84       0x6c Core/Src/main.o
 .text.MX_TIM1_Init
                0x0000000008001ef0       0xa0 Core/Src/main.o
 .text.MX_TIM2_Init
                0x0000000008001f90       0xe0 Core/Src/main.o
 .text.MX_GPIO_Init
                0x0000000008002070      0x168 Core/Src/main.o
 .text.Error_Handler
                0x00000000080021d8        0xc Core/Src/main.o
                0x00000000080021d8                Error_Handler
 .text.HAL_MspInit
                0x00000000080021e4       0x64 Core/Src/stm32f1xx_hal_msp.o
                0x00000000080021e4                HAL_MspInit
 .text.HAL_SPI_MspInit
                0x0000000008002248       0x94 Core/Src/stm32f1xx_hal_msp.o
                0x0000000008002248                HAL_SPI_MspInit
 .text.HAL_TIM_Base_MspInit
                0x00000000080022dc       0xb0 Core/Src/stm32f1xx_hal_msp.o
                0x00000000080022dc                HAL_TIM_Base_MspInit
 .text.NMI_Handler
                0x000000000800238c        0xc Core/Src/stm32f1xx_it.o
                0x000000000800238c                NMI_Handler
 .text.HardFault_Handler
                0x0000000008002398        0x6 Core/Src/stm32f1xx_it.o
                0x0000000008002398                HardFault_Handler
 .text.MemManage_Handler
                0x000000000800239e        0x6 Core/Src/stm32f1xx_it.o
                0x000000000800239e                MemManage_Handler
 .text.BusFault_Handler
                0x00000000080023a4        0x6 Core/Src/stm32f1xx_it.o
                0x00000000080023a4                BusFault_Handler
 .text.UsageFault_Handler
                0x00000000080023aa        0x6 Core/Src/stm32f1xx_it.o
                0x00000000080023aa                UsageFault_Handler
 .text.SVC_Handler
                0x00000000080023b0        0xc Core/Src/stm32f1xx_it.o
                0x00000000080023b0                SVC_Handler
 .text.DebugMon_Handler
                0x00000000080023bc        0xc Core/Src/stm32f1xx_it.o
                0x00000000080023bc                DebugMon_Handler
 .text.PendSV_Handler
                0x00000000080023c8        0xc Core/Src/stm32f1xx_it.o
                0x00000000080023c8                PendSV_Handler
 .text.SysTick_Handler
                0x00000000080023d4        0xc Core/Src/stm32f1xx_it.o
                0x00000000080023d4                SysTick_Handler
 .text.TIM2_IRQHandler
                0x00000000080023e0       0x14 Core/Src/stm32f1xx_it.o
                0x00000000080023e0                TIM2_IRQHandler
 .text.EXTI15_10_IRQHandler
                0x00000000080023f4       0x10 Core/Src/stm32f1xx_it.o
                0x00000000080023f4                EXTI15_10_IRQHandler
 .text.SystemInit
                0x0000000008002404       0x68 Core/Src/system_stm32f1xx.o
                0x0000000008002404                SystemInit
 .text.Reset_Handler
                0x000000000800246c       0x48 Core/Startup/startup_stm32f103c8tx.o
                0x000000000800246c                Reset_Handler
 .text.Default_Handler
                0x00000000080024b4        0x2 Core/Startup/startup_stm32f103c8tx.o
                0x00000000080024b4                RTC_Alarm_IRQHandler
                0x00000000080024b4                EXTI2_IRQHandler
                0x00000000080024b4                TIM1_CC_IRQHandler
                0x00000000080024b4                PVD_IRQHandler
                0x00000000080024b4                EXTI3_IRQHandler
                0x00000000080024b4                EXTI0_IRQHandler
                0x00000000080024b4                I2C2_EV_IRQHandler
                0x00000000080024b4                ADC1_2_IRQHandler
                0x00000000080024b4                SPI1_IRQHandler
                0x00000000080024b4                TAMPER_IRQHandler
                0x00000000080024b4                DMA1_Channel4_IRQHandler
                0x00000000080024b4                USART3_IRQHandler
                0x00000000080024b4                RTC_IRQHandler
                0x00000000080024b4                DMA1_Channel7_IRQHandler
                0x00000000080024b4                CAN1_RX1_IRQHandler
                0x00000000080024b4                TIM4_IRQHandler
                0x00000000080024b4                I2C1_EV_IRQHandler
                0x00000000080024b4                DMA1_Channel6_IRQHandler
                0x00000000080024b4                TIM3_IRQHandler
                0x00000000080024b4                RCC_IRQHandler
                0x00000000080024b4                TIM1_TRG_COM_IRQHandler
                0x00000000080024b4                DMA1_Channel1_IRQHandler
                0x00000000080024b4                Default_Handler
                0x00000000080024b4                EXTI9_5_IRQHandler
                0x00000000080024b4                SPI2_IRQHandler
                0x00000000080024b4                DMA1_Channel5_IRQHandler
                0x00000000080024b4                EXTI4_IRQHandler
                0x00000000080024b4                USB_LP_CAN1_RX0_IRQHandler
                0x00000000080024b4                USB_HP_CAN1_TX_IRQHandler
                0x00000000080024b4                DMA1_Channel3_IRQHandler
                0x00000000080024b4                TIM1_UP_IRQHandler
                0x00000000080024b4                WWDG_IRQHandler
                0x00000000080024b4                TIM1_BRK_IRQHandler
                0x00000000080024b4                EXTI1_IRQHandler
                0x00000000080024b4                USART2_IRQHandler
                0x00000000080024b4                I2C2_ER_IRQHandler
                0x00000000080024b4                DMA1_Channel2_IRQHandler
                0x00000000080024b4                CAN1_SCE_IRQHandler
                0x00000000080024b4                FLASH_IRQHandler
                0x00000000080024b4                USART1_IRQHandler
                0x00000000080024b4                I2C1_ER_IRQHandler
                0x00000000080024b4                USBWakeUp_IRQHandler
 *fill*         0x00000000080024b6        0x2 
 .text.HAL_Init
                0x00000000080024b8       0x2c Drivers/STM32F1xx_HAL_Driver/Src/stm32f1xx_hal.o
                0x00000000080024b8                HAL_Init
 .text.HAL_InitTick
                0x00000000080024e4       0x60 Drivers/STM32F1xx_HAL_Driver/Src/stm32f1xx_hal.o
                0x00000000080024e4                HAL_InitTick
 .text.HAL_IncTick
                0x0000000008002544       0x24 Drivers/STM32F1xx_HAL_Driver/Src/stm32f1xx_hal.o
                0x0000000008002544                HAL_IncTick
 .text.HAL_GetTick
                0x0000000008002568       0x14 Drivers/STM32F1xx_HAL_Driver/Src/stm32f1xx_hal.o
                0x0000000008002568                HAL_GetTick
 .text.__NVIC_SetPriorityGrouping
                0x000000000800257c       0x48 Drivers/STM32F1xx_HAL_Driver/Src/stm32f1xx_hal_cortex.o
 .text.__NVIC_GetPriorityGrouping
                0x00000000080025c4       0x1c Drivers/STM32F1xx_HAL_Driver/Src/stm32f1xx_hal_cortex.o
 .text.__NVIC_EnableIRQ
                0x00000000080025e0       0x38 Drivers/STM32F1xx_HAL_Driver/Src/stm32f1xx_hal_cortex.o
 .text.__NVIC_SetPriority
                0x0000000008002618       0x54 Drivers/STM32F1xx_HAL_Driver/Src/stm32f1xx_hal_cortex.o
 .text.NVIC_EncodePriority
                0x000000000800266c       0x64 Drivers/STM32F1xx_HAL_Driver/Src/stm32f1xx_hal_cortex.o
 .text.SysTick_Config
                0x00000000080026d0       0x44 Drivers/STM32F1xx_HAL_Driver/Src/stm32f1xx_hal_cortex.o
 .text.HAL_NVIC_SetPriorityGrouping
                0x0000000008002714       0x16 Drivers/STM32F1xx_HAL_Driver/Src/stm32f1xx_hal_cortex.o
                0x0000000008002714                HAL_NVIC_SetPriorityGrouping
 .text.HAL_NVIC_SetPriority
                0x000000000800272a       0x38 Drivers/STM32F1xx_HAL_Driver/Src/stm32f1xx_hal_cortex.o
                0x000000000800272a                HAL_NVIC_SetPriority
 .text.HAL_NVIC_EnableIRQ
                0x0000000008002762       0x1c Drivers/STM32F1xx_HAL_Driver/Src/stm32f1xx_hal_cortex.o
                0x0000000008002762                HAL_NVIC_EnableIRQ
 .text.HAL_SYSTICK_Config
                0x000000000800277e       0x18 Drivers/STM32F1xx_HAL_Driver/Src/stm32f1xx_hal_cortex.o
                0x000000000800277e                HAL_SYSTICK_Config
 *fill*         0x0000000008002796        0x2 
 .text.HAL_GPIO_Init
                0x0000000008002798      0x308 Drivers/STM32F1xx_HAL_Driver/Src/stm32f1xx_hal_gpio.o
                0x0000000008002798                HAL_GPIO_Init
 .text.HAL_GPIO_ReadPin
                0x0000000008002aa0       0x2e Drivers/STM32F1xx_HAL_Driver/Src/stm32f1xx_hal_gpio.o
                0x0000000008002aa0                HAL_GPIO_ReadPin
 .text.HAL_GPIO_WritePin
                0x0000000008002ace       0x30 Drivers/STM32F1xx_HAL_Driver/Src/stm32f1xx_hal_gpio.o
                0x0000000008002ace                HAL_GPIO_WritePin
 *fill*         0x0000000008002afe        0x2 
 .text.HAL_GPIO_EXTI_IRQHandler
                0x0000000008002b00       0x30 Drivers/STM32F1xx_HAL_Driver/Src/stm32f1xx_hal_gpio.o
                0x0000000008002b00                HAL_GPIO_EXTI_IRQHandler
 .text.HAL_RCC_OscConfig
                0x0000000008002b30      0x500 Drivers/STM32F1xx_HAL_Driver/Src/stm32f1xx_hal_rcc.o
                0x0000000008002b30                HAL_RCC_OscConfig
 .text.HAL_RCC_ClockConfig
                0x0000000008003030      0x1d4 Drivers/STM32F1xx_HAL_Driver/Src/stm32f1xx_hal_rcc.o
                0x0000000008003030                HAL_RCC_ClockConfig
 .text.HAL_RCC_GetSysClockFreq
                0x0000000008003204       0xc0 Drivers/STM32F1xx_HAL_Driver/Src/stm32f1xx_hal_rcc.o
                0x0000000008003204                HAL_RCC_GetSysClockFreq
 .text.HAL_RCC_GetHCLKFreq
                0x00000000080032c4       0x14 Drivers/STM32F1xx_HAL_Driver/Src/stm32f1xx_hal_rcc.o
                0x00000000080032c4                HAL_RCC_GetHCLKFreq
 .text.HAL_RCC_GetPCLK2Freq
                0x00000000080032d8       0x28 Drivers/STM32F1xx_HAL_Driver/Src/stm32f1xx_hal_rcc.o
                0x00000000080032d8                HAL_RCC_GetPCLK2Freq
 .text.RCC_Delay
                0x0000000008003300       0x3c Drivers/STM32F1xx_HAL_Driver/Src/stm32f1xx_hal_rcc.o
 .text.HAL_SPI_Init
                0x000000000800333c      0x108 Drivers/STM32F1xx_HAL_Driver/Src/stm32f1xx_hal_spi.o
                0x000000000800333c                HAL_SPI_Init
 .text.HAL_SPI_Transmit
                0x0000000008003444      0x278 Drivers/STM32F1xx_HAL_Driver/Src/stm32f1xx_hal_spi.o
                0x0000000008003444                HAL_SPI_Transmit
 .text.SPI_WaitFlagStateUntilTimeout
                0x00000000080036bc      0x110 Drivers/STM32F1xx_HAL_Driver/Src/stm32f1xx_hal_spi.o
 .text.SPI_EndRxTxTransaction
                0x00000000080037cc       0x3c Drivers/STM32F1xx_HAL_Driver/Src/stm32f1xx_hal_spi.o
 .text.HAL_TIM_Base_Init
                0x0000000008003808       0x9e Drivers/STM32F1xx_HAL_Driver/Src/stm32f1xx_hal_tim.o
                0x0000000008003808                HAL_TIM_Base_Init
 *fill*         0x00000000080038a6        0x2 
 .text.HAL_TIM_Base_Start_IT
                0x00000000080038a8       0xa4 Drivers/STM32F1xx_HAL_Driver/Src/stm32f1xx_hal_tim.o
                0x00000000080038a8                HAL_TIM_Base_Start_IT
 .text.HAL_TIM_IC_Init
                0x000000000800394c       0x9e Drivers/STM32F1xx_HAL_Driver/Src/stm32f1xx_hal_tim.o
                0x000000000800394c                HAL_TIM_IC_Init
 .text.HAL_TIM_IC_MspInit
                0x00000000080039ea       0x12 Drivers/STM32F1xx_HAL_Driver/Src/stm32f1xx_hal_tim.o
                0x00000000080039ea                HAL_TIM_IC_MspInit
 .text.HAL_TIM_IC_Start
                0x00000000080039fc      0x180 Drivers/STM32F1xx_HAL_Driver/Src/stm32f1xx_hal_tim.o
                0x00000000080039fc                HAL_TIM_IC_Start
 .text.HAL_TIM_IRQHandler
                0x0000000008003b7c      0x210 Drivers/STM32F1xx_HAL_Driver/Src/stm32f1xx_hal_tim.o
                0x0000000008003b7c                HAL_TIM_IRQHandler
 .text.HAL_TIM_IC_ConfigChannel
                0x0000000008003d8c      0x128 Drivers/STM32F1xx_HAL_Driver/Src/stm32f1xx_hal_tim.o
                0x0000000008003d8c                HAL_TIM_IC_ConfigChannel
 .text.HAL_TIM_ConfigClockSource
                0x0000000008003eb4      0x188 Drivers/STM32F1xx_HAL_Driver/Src/stm32f1xx_hal_tim.o
                0x0000000008003eb4                HAL_TIM_ConfigClockSource
 .text.HAL_TIM_ReadCapturedValue
                0x000000000800403c       0x88 Drivers/STM32F1xx_HAL_Driver/Src/stm32f1xx_hal_tim.o
                0x000000000800403c                HAL_TIM_ReadCapturedValue
 .text.HAL_TIM_PeriodElapsedCallback
                0x00000000080040c4       0x12 Drivers/STM32F1xx_HAL_Driver/Src/stm32f1xx_hal_tim.o
                0x00000000080040c4                HAL_TIM_PeriodElapsedCallback
 .text.HAL_TIM_OC_DelayElapsedCallback
                0x00000000080040d6       0x12 Drivers/STM32F1xx_HAL_Driver/Src/stm32f1xx_hal_tim.o
                0x00000000080040d6                HAL_TIM_OC_DelayElapsedCallback
 .text.HAL_TIM_PWM_PulseFinishedCallback
                0x00000000080040e8       0x12 Drivers/STM32F1xx_HAL_Driver/Src/stm32f1xx_hal_tim.o
                0x00000000080040e8                HAL_TIM_PWM_PulseFinishedCallback
 .text.HAL_TIM_TriggerCallback
                0x00000000080040fa       0x12 Drivers/STM32F1xx_HAL_Driver/Src/stm32f1xx_hal_tim.o
                0x00000000080040fa                HAL_TIM_TriggerCallback
 .text.TIM_Base_SetConfig
                0x000000000800410c       0xc4 Drivers/STM32F1xx_HAL_Driver/Src/stm32f1xx_hal_tim.o
                0x000000000800410c                TIM_Base_SetConfig
 .text.TIM_TI1_SetConfig
                0x00000000080041d0       0xb4 Drivers/STM32F1xx_HAL_Driver/Src/stm32f1xx_hal_tim.o
                0x00000000080041d0                TIM_TI1_SetConfig
 .text.TIM_TI1_ConfigInputStage
                0x0000000008004284       0x5c Drivers/STM32F1xx_HAL_Driver/Src/stm32f1xx_hal_tim.o
 .text.TIM_TI2_SetConfig
                0x00000000080042e0       0x78 Drivers/STM32F1xx_HAL_Driver/Src/stm32f1xx_hal_tim.o
 .text.TIM_TI2_ConfigInputStage
                0x0000000008004358       0x5e Drivers/STM32F1xx_HAL_Driver/Src/stm32f1xx_hal_tim.o
 .text.TIM_TI3_SetConfig
                0x00000000080043b6       0x76 Drivers/STM32F1xx_HAL_Driver/Src/stm32f1xx_hal_tim.o
 .text.TIM_TI4_SetConfig
                0x000000000800442c       0x78 Drivers/STM32F1xx_HAL_Driver/Src/stm32f1xx_hal_tim.o
 .text.TIM_ITRx_SetConfig
                0x00000000080044a4       0x34 Drivers/STM32F1xx_HAL_Driver/Src/stm32f1xx_hal_tim.o
 .text.TIM_ETR_SetConfig
                0x00000000080044d8       0x3e Drivers/STM32F1xx_HAL_Driver/Src/stm32f1xx_hal_tim.o
                0x00000000080044d8                TIM_ETR_SetConfig
 .text.TIM_CCxChannelCmd
                0x0000000008004516       0x48 Drivers/STM32F1xx_HAL_Driver/Src/stm32f1xx_hal_tim.o
                0x0000000008004516                TIM_CCxChannelCmd
 *fill*         0x000000000800455e        0x2 
 .text.HAL_TIMEx_MasterConfigSynchronization
                0x0000000008004560       0xbc Drivers/STM32F1xx_HAL_Driver/Src/stm32f1xx_hal_tim_ex.o
                0x0000000008004560                HAL_TIMEx_MasterConfigSynchronization
 .text.HAL_TIMEx_CommutCallback
                0x000000000800461c       0x12 Drivers/STM32F1xx_HAL_Driver/Src/stm32f1xx_hal_tim_ex.o
                0x000000000800461c                HAL_TIMEx_CommutCallback
 .text.HAL_TIMEx_BreakCallback
                0x000000000800462e       0x12 Drivers/STM32F1xx_HAL_Driver/Src/stm32f1xx_hal_tim_ex.o
                0x000000000800462e                HAL_TIMEx_BreakCallback
 .text.__errno  0x0000000008004640        0xc /opt/st/stm32cubeide_1.6.1/plugins/com.st.stm32cube.ide.mcu.externaltools.gnu-tools-for-stm32.9-2020-q2-update.linux64_1.5.0.202011040924/tools/bin/../lib/gcc/arm-none-eabi/9.3.1/../../../../arm-none-eabi/lib/thumb/v7-m/nofp/libc_nano.a(lib_a-errno.o)
                0x0000000008004640                __errno
 .text.__libc_init_array
                0x000000000800464c       0x48 /opt/st/stm32cubeide_1.6.1/plugins/com.st.stm32cube.ide.mcu.externaltools.gnu-tools-for-stm32.9-2020-q2-update.linux64_1.5.0.202011040924/tools/bin/../lib/gcc/arm-none-eabi/9.3.1/../../../../arm-none-eabi/lib/thumb/v7-m/nofp/libc_nano.a(lib_a-init.o)
                0x000000000800464c                __libc_init_array
 .text.memset   0x0000000008004694       0x10 /opt/st/stm32cubeide_1.6.1/plugins/com.st.stm32cube.ide.mcu.externaltools.gnu-tools-for-stm32.9-2020-q2-update.linux64_1.5.0.202011040924/tools/bin/../lib/gcc/arm-none-eabi/9.3.1/../../../../arm-none-eabi/lib/thumb/v7-m/nofp/libc_nano.a(lib_a-memset.o)
                0x0000000008004694                memset
 .text.pow      0x00000000080046a4      0x158 /opt/st/stm32cubeide_1.6.1/plugins/com.st.stm32cube.ide.mcu.externaltools.gnu-tools-for-stm32.9-2020-q2-update.linux64_1.5.0.202011040924/tools/bin/../lib/gcc/arm-none-eabi/9.3.1/../../../../arm-none-eabi/lib/thumb/v7-m/nofp/libm.a(lib_a-w_pow.o)
                0x00000000080046a4                pow
 *fill*         0x00000000080047fc        0x4 
 .text.__ieee754_pow
                0x0000000008004800      0xa2c /opt/st/stm32cubeide_1.6.1/plugins/com.st.stm32cube.ide.mcu.externaltools.gnu-tools-for-stm32.9-2020-q2-update.linux64_1.5.0.202011040924/tools/bin/../lib/gcc/arm-none-eabi/9.3.1/../../../../arm-none-eabi/lib/thumb/v7-m/nofp/libm.a(lib_a-e_pow.o)
                0x0000000008004800                __ieee754_pow
 .text.__ieee754_sqrt
                0x000000000800522c      0x158 /opt/st/stm32cubeide_1.6.1/plugins/com.st.stm32cube.ide.mcu.externaltools.gnu-tools-for-stm32.9-2020-q2-update.linux64_1.5.0.202011040924/tools/bin/../lib/gcc/arm-none-eabi/9.3.1/../../../../arm-none-eabi/lib/thumb/v7-m/nofp/libm.a(lib_a-e_sqrt.o)
                0x000000000800522c                __ieee754_sqrt
 .text.fabs     0x0000000008005384        0x6 /opt/st/stm32cubeide_1.6.1/plugins/com.st.stm32cube.ide.mcu.externaltools.gnu-tools-for-stm32.9-2020-q2-update.linux64_1.5.0.202011040924/tools/bin/../lib/gcc/arm-none-eabi/9.3.1/../../../../arm-none-eabi/lib/thumb/v7-m/nofp/libm.a(lib_a-s_fabs.o)
                0x0000000008005384                fabs
 .text.finite   0x000000000800538a        0xc /opt/st/stm32cubeide_1.6.1/plugins/com.st.stm32cube.ide.mcu.externaltools.gnu-tools-for-stm32.9-2020-q2-update.linux64_1.5.0.202011040924/tools/bin/../lib/gcc/arm-none-eabi/9.3.1/../../../../arm-none-eabi/lib/thumb/v7-m/nofp/libm.a(lib_a-s_finite.o)
                0x000000000800538a                finite
 *fill*         0x0000000008005396        0x2 
 .text.nan      0x0000000008005398        0xc /opt/st/stm32cubeide_1.6.1/plugins/com.st.stm32cube.ide.mcu.externaltools.gnu-tools-for-stm32.9-2020-q2-update.linux64_1.5.0.202011040924/tools/bin/../lib/gcc/arm-none-eabi/9.3.1/../../../../arm-none-eabi/lib/thumb/v7-m/nofp/libm.a(lib_a-s_nan.o)
                0x0000000008005398                nan
 .text.rint     0x00000000080053a4      0x114 /opt/st/stm32cubeide_1.6.1/plugins/com.st.stm32cube.ide.mcu.externaltools.gnu-tools-for-stm32.9-2020-q2-update.linux64_1.5.0.202011040924/tools/bin/../lib/gcc/arm-none-eabi/9.3.1/../../../../arm-none-eabi/lib/thumb/v7-m/nofp/libm.a(lib_a-s_rint.o)
                0x00000000080053a4                rint
 .text.scalbn   0x00000000080054b8      0x10c /opt/st/stm32cubeide_1.6.1/plugins/com.st.stm32cube.ide.mcu.externaltools.gnu-tools-for-stm32.9-2020-q2-update.linux64_1.5.0.202011040924/tools/bin/../lib/gcc/arm-none-eabi/9.3.1/../../../../arm-none-eabi/lib/thumb/v7-m/nofp/libm.a(lib_a-s_scalbn.o)
                0x00000000080054b8                scalbn
 *(.glue_7)
 .glue_7        0x00000000080055c4        0x0 linker stubs
 *(.glue_7t)
 .glue_7t       0x00000000080055c4        0x0 linker stubs
 *(.eh_frame)
 .eh_frame      0x00000000080055c4        0x0 /opt/st/stm32cubeide_1.6.1/plugins/com.st.stm32cube.ide.mcu.externaltools.gnu-tools-for-stm32.9-2020-q2-update.linux64_1.5.0.202011040924/tools/bin/../lib/gcc/arm-none-eabi/9.3.1/thumb/v7-m/nofp/crtbegin.o
 *(.init)
 .init          0x00000000080055c4        0x4 /opt/st/stm32cubeide_1.6.1/plugins/com.st.stm32cube.ide.mcu.externaltools.gnu-tools-for-stm32.9-2020-q2-update.linux64_1.5.0.202011040924/tools/bin/../lib/gcc/arm-none-eabi/9.3.1/thumb/v7-m/nofp/crti.o
                0x00000000080055c4                _init
 .init          0x00000000080055c8        0x8 /opt/st/stm32cubeide_1.6.1/plugins/com.st.stm32cube.ide.mcu.externaltools.gnu-tools-for-stm32.9-2020-q2-update.linux64_1.5.0.202011040924/tools/bin/../lib/gcc/arm-none-eabi/9.3.1/thumb/v7-m/nofp/crtn.o
 *(.fini)
 .fini          0x00000000080055d0        0x4 /opt/st/stm32cubeide_1.6.1/plugins/com.st.stm32cube.ide.mcu.externaltools.gnu-tools-for-stm32.9-2020-q2-update.linux64_1.5.0.202011040924/tools/bin/../lib/gcc/arm-none-eabi/9.3.1/thumb/v7-m/nofp/crti.o
                0x00000000080055d0                _fini
 .fini          0x00000000080055d4        0x8 /opt/st/stm32cubeide_1.6.1/plugins/com.st.stm32cube.ide.mcu.externaltools.gnu-tools-for-stm32.9-2020-q2-update.linux64_1.5.0.202011040924/tools/bin/../lib/gcc/arm-none-eabi/9.3.1/thumb/v7-m/nofp/crtn.o
                0x00000000080055dc                . = ALIGN (0x4)
                0x00000000080055dc                _etext = .

.vfp11_veneer   0x00000000080055dc        0x0
 .vfp11_veneer  0x00000000080055dc        0x0 linker stubs

.v4_bx          0x00000000080055dc        0x0
 .v4_bx         0x00000000080055dc        0x0 linker stubs

.iplt           0x00000000080055dc        0x0
 .iplt          0x00000000080055dc        0x0 /opt/st/stm32cubeide_1.6.1/plugins/com.st.stm32cube.ide.mcu.externaltools.gnu-tools-for-stm32.9-2020-q2-update.linux64_1.5.0.202011040924/tools/bin/../lib/gcc/arm-none-eabi/9.3.1/thumb/v7-m/nofp/crtbegin.o

.rodata         0x00000000080055e0       0x70
                0x00000000080055e0                . = ALIGN (0x4)
 *(.rodata)
 .rodata        0x00000000080055e0       0x10 Drivers/STM32F1xx_HAL_Driver/Src/stm32f1xx_hal_rcc.o
 *(.rodata*)
 .rodata.AHBPrescTable
                0x00000000080055f0       0x10 Core/Src/system_stm32f1xx.o
                0x00000000080055f0                AHBPrescTable
 .rodata.APBPrescTable
                0x0000000008005600        0x8 Core/Src/system_stm32f1xx.o
                0x0000000008005600                APBPrescTable
 .rodata.__ieee754_pow.str1.1
                0x0000000008005608        0x1 /opt/st/stm32cubeide_1.6.1/plugins/com.st.stm32cube.ide.mcu.externaltools.gnu-tools-for-stm32.9-2020-q2-update.linux64_1.5.0.202011040924/tools/bin/../lib/gcc/arm-none-eabi/9.3.1/../../../../arm-none-eabi/lib/thumb/v7-m/nofp/libm.a(lib_a-e_pow.o)
 *fill*         0x0000000008005609        0x7 
 .rodata.bp     0x0000000008005610       0x10 /opt/st/stm32cubeide_1.6.1/plugins/com.st.stm32cube.ide.mcu.externaltools.gnu-tools-for-stm32.9-2020-q2-update.linux64_1.5.0.202011040924/tools/bin/../lib/gcc/arm-none-eabi/9.3.1/../../../../arm-none-eabi/lib/thumb/v7-m/nofp/libm.a(lib_a-e_pow.o)
 .rodata.dp_h   0x0000000008005620       0x10 /opt/st/stm32cubeide_1.6.1/plugins/com.st.stm32cube.ide.mcu.externaltools.gnu-tools-for-stm32.9-2020-q2-update.linux64_1.5.0.202011040924/tools/bin/../lib/gcc/arm-none-eabi/9.3.1/../../../../arm-none-eabi/lib/thumb/v7-m/nofp/libm.a(lib_a-e_pow.o)
 .rodata.dp_l   0x0000000008005630       0x10 /opt/st/stm32cubeide_1.6.1/plugins/com.st.stm32cube.ide.mcu.externaltools.gnu-tools-for-stm32.9-2020-q2-update.linux64_1.5.0.202011040924/tools/bin/../lib/gcc/arm-none-eabi/9.3.1/../../../../arm-none-eabi/lib/thumb/v7-m/nofp/libm.a(lib_a-e_pow.o)
 .rodata.TWO52  0x0000000008005640       0x10 /opt/st/stm32cubeide_1.6.1/plugins/com.st.stm32cube.ide.mcu.externaltools.gnu-tools-for-stm32.9-2020-q2-update.linux64_1.5.0.202011040924/tools/bin/../lib/gcc/arm-none-eabi/9.3.1/../../../../arm-none-eabi/lib/thumb/v7-m/nofp/libm.a(lib_a-s_rint.o)
                0x0000000008005650                . = ALIGN (0x4)

.rel.dyn        0x0000000008005650        0x0
 .rel.iplt      0x0000000008005650        0x0 /opt/st/stm32cubeide_1.6.1/plugins/com.st.stm32cube.ide.mcu.externaltools.gnu-tools-for-stm32.9-2020-q2-update.linux64_1.5.0.202011040924/tools/bin/../lib/gcc/arm-none-eabi/9.3.1/thumb/v7-m/nofp/crtbegin.o

.ARM.extab      0x0000000008005650        0x0
                0x0000000008005650                . = ALIGN (0x4)
 *(.ARM.extab* .gnu.linkonce.armextab.*)
                0x0000000008005650                . = ALIGN (0x4)

.ARM            0x0000000008005650        0x0
                0x0000000008005650                . = ALIGN (0x4)
                0x0000000008005650                __exidx_start = .
 *(.ARM.exidx*)
                0x0000000008005650                __exidx_end = .
                0x0000000008005650                . = ALIGN (0x4)

.preinit_array  0x0000000008005650        0x0
                0x0000000008005650                . = ALIGN (0x4)
                0x0000000008005650                PROVIDE (__preinit_array_start = .)
 *(.preinit_array*)
                0x0000000008005650                PROVIDE (__preinit_array_end = .)
                0x0000000008005650                . = ALIGN (0x4)

.init_array     0x0000000008005650        0x4
                0x0000000008005650                . = ALIGN (0x4)
                0x0000000008005650                PROVIDE (__init_array_start = .)
 *(SORT_BY_NAME(.init_array.*))
 *(.init_array*)
 .init_array    0x0000000008005650        0x4 /opt/st/stm32cubeide_1.6.1/plugins/com.st.stm32cube.ide.mcu.externaltools.gnu-tools-for-stm32.9-2020-q2-update.linux64_1.5.0.202011040924/tools/bin/../lib/gcc/arm-none-eabi/9.3.1/thumb/v7-m/nofp/crtbegin.o
                0x0000000008005654                PROVIDE (__init_array_end = .)
                0x0000000008005654                . = ALIGN (0x4)

.fini_array     0x0000000008005654        0x4
                0x0000000008005654                . = ALIGN (0x4)
                [!provide]                        PROVIDE (__fini_array_start = .)
 *(SORT_BY_NAME(.fini_array.*))
 *(.fini_array*)
 .fini_array    0x0000000008005654        0x4 /opt/st/stm32cubeide_1.6.1/plugins/com.st.stm32cube.ide.mcu.externaltools.gnu-tools-for-stm32.9-2020-q2-update.linux64_1.5.0.202011040924/tools/bin/../lib/gcc/arm-none-eabi/9.3.1/thumb/v7-m/nofp/crtbegin.o
                [!provide]                        PROVIDE (__fini_array_end = .)
                0x0000000008005658                . = ALIGN (0x4)
                0x0000000008005658                _sidata = LOADADDR (.data)

.data           0x0000000020000000       0x7c load address 0x0000000008005658
                0x0000000020000000                . = ALIGN (0x4)
                0x0000000020000000                _sdata = .
 *(.data)
 *(.data*)
 .data.Boton    0x0000000020000000        0x6 Aplicaciones/app_DigitalDimmer.o
                0x0000000020000000                Boton
 .data.Bandera_DetectorCero
                0x0000000020000006        0x1 Core/Src/main.o
                0x0000000020000006                Bandera_DetectorCero
 *fill*         0x0000000020000007        0x1 
 .data.SystemCoreClock
                0x0000000020000008        0x4 Core/Src/system_stm32f1xx.o
                0x0000000020000008                SystemCoreClock
 .data.uwTickPrio
                0x000000002000000c        0x4 Drivers/STM32F1xx_HAL_Driver/Src/stm32f1xx_hal.o
                0x000000002000000c                uwTickPrio
 .data.uwTickFreq
                0x0000000020000010        0x1 Drivers/STM32F1xx_HAL_Driver/Src/stm32f1xx_hal.o
                0x0000000020000010                uwTickFreq
 *fill*         0x0000000020000011        0x3 
 .data._impure_ptr
                0x0000000020000014        0x4 /opt/st/stm32cubeide_1.6.1/plugins/com.st.stm32cube.ide.mcu.externaltools.gnu-tools-for-stm32.9-2020-q2-update.linux64_1.5.0.202011040924/tools/bin/../lib/gcc/arm-none-eabi/9.3.1/../../../../arm-none-eabi/lib/thumb/v7-m/nofp/libc_nano.a(lib_a-impure.o)
                0x0000000020000014                _impure_ptr
 .data.impure_data
                0x0000000020000018       0x60 /opt/st/stm32cubeide_1.6.1/plugins/com.st.stm32cube.ide.mcu.externaltools.gnu-tools-for-stm32.9-2020-q2-update.linux64_1.5.0.202011040924/tools/bin/../lib/gcc/arm-none-eabi/9.3.1/../../../../arm-none-eabi/lib/thumb/v7-m/nofp/libc_nano.a(lib_a-impure.o)
 .data.__fdlib_version
                0x0000000020000078        0x1 /opt/st/stm32cubeide_1.6.1/plugins/com.st.stm32cube.ide.mcu.externaltools.gnu-tools-for-stm32.9-2020-q2-update.linux64_1.5.0.202011040924/tools/bin/../lib/gcc/arm-none-eabi/9.3.1/../../../../arm-none-eabi/lib/thumb/v7-m/nofp/libm.a(lib_a-s_lib_ver.o)
                0x0000000020000078                __fdlib_version
                0x000000002000007c                . = ALIGN (0x4)
 *fill*         0x0000000020000079        0x3 
                0x000000002000007c                _edata = .

.igot.plt       0x000000002000007c        0x0 load address 0x00000000080056d4
 .igot.plt      0x000000002000007c        0x0 /opt/st/stm32cubeide_1.6.1/plugins/com.st.stm32cube.ide.mcu.externaltools.gnu-tools-for-stm32.9-2020-q2-update.linux64_1.5.0.202011040924/tools/bin/../lib/gcc/arm-none-eabi/9.3.1/thumb/v7-m/nofp/crtbegin.o
                0x000000002000007c                . = ALIGN (0x4)

.bss            0x000000002000007c      0x19c load address 0x00000000080056d4
                0x000000002000007c                _sbss = .
                0x000000002000007c                __bss_start__ = _sbss
 *(.bss)
 .bss           0x000000002000007c       0x1c /opt/st/stm32cubeide_1.6.1/plugins/com.st.stm32cube.ide.mcu.externaltools.gnu-tools-for-stm32.9-2020-q2-update.linux64_1.5.0.202011040924/tools/bin/../lib/gcc/arm-none-eabi/9.3.1/thumb/v7-m/nofp/crtbegin.o
 *(.bss*)
 .bss.TiempoPresionado
                0x0000000020000098        0x2 Aplicaciones/app_Debounce.o
                0x0000000020000098                TiempoPresionado
 *fill*         0x000000002000009a        0x2 
 .bss.Total     0x000000002000009c        0x4 Aplicaciones/app_Debounce.o
                0x000000002000009c                Total
 .bss.Quinto    0x00000000200000a0        0x4 Aplicaciones/app_Debounce.o
                0x00000000200000a0                Quinto
 .bss.Primero   0x00000000200000a4        0x4 Aplicaciones/app_Debounce.o
                0x00000000200000a4                Primero
 .bss.Segundo   0x00000000200000a8        0x4 Aplicaciones/app_Debounce.o
                0x00000000200000a8                Segundo
 .bss.Tercero   0x00000000200000ac        0x4 Aplicaciones/app_Debounce.o
                0x00000000200000ac                Tercero
 .bss.Cuarto    0x00000000200000b0        0x4 Aplicaciones/app_Debounce.o
                0x00000000200000b0                Cuarto
 .bss.Aumento   0x00000000200000b4        0x1 Aplicaciones/app_Debounce.o
                0x00000000200000b4                Aumento
 *fill*         0x00000000200000b5        0x3 
 .bss.Seleccion
                0x00000000200000b8        0x4 Aplicaciones/app_Debounce.o
                0x00000000200000b8                Seleccion
 .bss.Seleccion_anterior
                0x00000000200000bc        0x5 Aplicaciones/app_Debounce.o
                0x00000000200000bc                Seleccion_anterior
 *fill*         0x00000000200000c1        0x3 
 .bss.Aumento_anterior
                0x00000000200000c4        0x5 Aplicaciones/app_Debounce.o
                0x00000000200000c4                Aumento_anterior
 .bss.i         0x00000000200000c9        0x1 Aplicaciones/app_Debounce.o
                0x00000000200000c9                i
 .bss.a         0x00000000200000ca        0x1 Aplicaciones/app_Debounce.o
                0x00000000200000ca                a
 *fill*         0x00000000200000cb        0x1 
 .bss.Tiempo_activacion
                0x00000000200000cc        0x2 Aplicaciones/app_DigitalDimmer.o
                0x00000000200000cc                Tiempo_activacion
 *fill*         0x00000000200000ce        0x2 
 .bss.RPM_cal   0x00000000200000d0        0x4 Aplicaciones/app_DigitalDimmer.o
                0x00000000200000d0                RPM_cal
 .bss.Bandera   0x00000000200000d4        0x1 Aplicaciones/app_DigitalDimmer.o
                0x00000000200000d4                Bandera
 *fill*         0x00000000200000d5        0x3 
 .bss.Valor1    0x00000000200000d8        0x4 Core/Src/main.o
                0x00000000200000d8                Valor1
 .bss.Valor2    0x00000000200000dc        0x4 Core/Src/main.o
                0x00000000200000dc                Valor2
 .bss.Diferencia
                0x00000000200000e0        0x4 Core/Src/main.o
                0x00000000200000e0                Diferencia
 .bss.Frecuencia_final
                0x00000000200000e4        0x4 Core/Src/main.o
                0x00000000200000e4                Frecuencia_final
 .bss.Primer_valor
                0x00000000200000e8        0x1 Core/Src/main.o
                0x00000000200000e8                Primer_valor
 *(COMMON)
 *fill*         0x00000000200000e9        0x3 
 COMMON         0x00000000200000ec       0xa0 Aplicaciones/app_Debounce.o
                0x00000000200000ec                htim1
                0x0000000020000134                hspi1
 COMMON         0x000000002000018c       0x4c Aplicaciones/app_DigitalDimmer.o
                0x000000002000018c                opcion
                0x0000000020000190                htim2
 COMMON         0x00000000200001d8       0x3c Aplicaciones/pid_controller.o
                0x00000000200001d8                pid
 COMMON         0x0000000020000214        0x4 Drivers/STM32F1xx_HAL_Driver/Src/stm32f1xx_hal.o
                0x0000000020000214                uwTick
                0x0000000020000218                . = ALIGN (0x4)
                0x0000000020000218                _ebss = .
                0x0000000020000218                __bss_end__ = _ebss

._user_heap_stack
                0x0000000020000218      0x600 load address 0x00000000080056d4
                0x0000000020000218                . = ALIGN (0x8)
                0x0000000020000218                PROVIDE (end = .)
                [!provide]                        PROVIDE (_end = .)
                0x0000000020000418                . = (. + _Min_Heap_Size)
 *fill*         0x0000000020000218      0x200 
                0x0000000020000818                . = (. + _Min_Stack_Size)
 *fill*         0x0000000020000418      0x400 
                0x0000000020000818                . = ALIGN (0x8)

/DISCARD/
 libc.a(*)
 libm.a(*)
 libgcc.a(*)

.ARM.attributes
                0x0000000000000000       0x29
 *(.ARM.attributes)
 .ARM.attributes
                0x0000000000000000       0x1d /opt/st/stm32cubeide_1.6.1/plugins/com.st.stm32cube.ide.mcu.externaltools.gnu-tools-for-stm32.9-2020-q2-update.linux64_1.5.0.202011040924/tools/bin/../lib/gcc/arm-none-eabi/9.3.1/thumb/v7-m/nofp/crti.o
 .ARM.attributes
                0x000000000000001d       0x2d /opt/st/stm32cubeide_1.6.1/plugins/com.st.stm32cube.ide.mcu.externaltools.gnu-tools-for-stm32.9-2020-q2-update.linux64_1.5.0.202011040924/tools/bin/../lib/gcc/arm-none-eabi/9.3.1/thumb/v7-m/nofp/crtbegin.o
 .ARM.attributes
                0x000000000000004a       0x2d Aplicaciones/app_Debounce.o
 .ARM.attributes
                0x0000000000000077       0x2d Aplicaciones/app_Delay.o
 .ARM.attributes
                0x00000000000000a4       0x2d Aplicaciones/app_DigitalDimmer.o
 .ARM.attributes
                0x00000000000000d1       0x2d Aplicaciones/app_MAX7219.o
 .ARM.attributes
                0x00000000000000fe       0x2d Aplicaciones/pid_controller.o
 .ARM.attributes
                0x000000000000012b       0x2d Core/Src/main.o
 .ARM.attributes
                0x0000000000000158       0x2d Core/Src/stm32f1xx_hal_msp.o
 .ARM.attributes
                0x0000000000000185       0x2d Core/Src/stm32f1xx_it.o
 .ARM.attributes
                0x00000000000001b2       0x2d Core/Src/system_stm32f1xx.o
 .ARM.attributes
                0x00000000000001df       0x21 Core/Startup/startup_stm32f103c8tx.o
 .ARM.attributes
                0x0000000000000200       0x2d Drivers/STM32F1xx_HAL_Driver/Src/stm32f1xx_hal.o
 .ARM.attributes
                0x000000000000022d       0x2d Drivers/STM32F1xx_HAL_Driver/Src/stm32f1xx_hal_cortex.o
 .ARM.attributes
                0x000000000000025a       0x2d Drivers/STM32F1xx_HAL_Driver/Src/stm32f1xx_hal_gpio.o
 .ARM.attributes
                0x0000000000000287       0x2d Drivers/STM32F1xx_HAL_Driver/Src/stm32f1xx_hal_rcc.o
 .ARM.attributes
                0x00000000000002b4       0x2d Drivers/STM32F1xx_HAL_Driver/Src/stm32f1xx_hal_spi.o
 .ARM.attributes
                0x00000000000002e1       0x2d Drivers/STM32F1xx_HAL_Driver/Src/stm32f1xx_hal_tim.o
 .ARM.attributes
                0x000000000000030e       0x2d Drivers/STM32F1xx_HAL_Driver/Src/stm32f1xx_hal_tim_ex.o
 .ARM.attributes
                0x000000000000033b       0x2d /opt/st/stm32cubeide_1.6.1/plugins/com.st.stm32cube.ide.mcu.externaltools.gnu-tools-for-stm32.9-2020-q2-update.linux64_1.5.0.202011040924/tools/bin/../lib/gcc/arm-none-eabi/9.3.1/../../../../arm-none-eabi/lib/thumb/v7-m/nofp/libc_nano.a(lib_a-errno.o)
 .ARM.attributes
                0x0000000000000368       0x2d /opt/st/stm32cubeide_1.6.1/plugins/com.st.stm32cube.ide.mcu.externaltools.gnu-tools-for-stm32.9-2020-q2-update.linux64_1.5.0.202011040924/tools/bin/../lib/gcc/arm-none-eabi/9.3.1/../../../../arm-none-eabi/lib/thumb/v7-m/nofp/libc_nano.a(lib_a-impure.o)
 .ARM.attributes
                0x0000000000000395       0x2d /opt/st/stm32cubeide_1.6.1/plugins/com.st.stm32cube.ide.mcu.externaltools.gnu-tools-for-stm32.9-2020-q2-update.linux64_1.5.0.202011040924/tools/bin/../lib/gcc/arm-none-eabi/9.3.1/../../../../arm-none-eabi/lib/thumb/v7-m/nofp/libc_nano.a(lib_a-init.o)
 .ARM.attributes
                0x00000000000003c2       0x2d /opt/st/stm32cubeide_1.6.1/plugins/com.st.stm32cube.ide.mcu.externaltools.gnu-tools-for-stm32.9-2020-q2-update.linux64_1.5.0.202011040924/tools/bin/../lib/gcc/arm-none-eabi/9.3.1/../../../../arm-none-eabi/lib/thumb/v7-m/nofp/libc_nano.a(lib_a-memset.o)
 .ARM.attributes
                0x00000000000003ef       0x2d /opt/st/stm32cubeide_1.6.1/plugins/com.st.stm32cube.ide.mcu.externaltools.gnu-tools-for-stm32.9-2020-q2-update.linux64_1.5.0.202011040924/tools/bin/../lib/gcc/arm-none-eabi/9.3.1/../../../../arm-none-eabi/lib/thumb/v7-m/nofp/libm.a(lib_a-w_pow.o)
 .ARM.attributes
                0x000000000000041c       0x2d /opt/st/stm32cubeide_1.6.1/plugins/com.st.stm32cube.ide.mcu.externaltools.gnu-tools-for-stm32.9-2020-q2-update.linux64_1.5.0.202011040924/tools/bin/../lib/gcc/arm-none-eabi/9.3.1/../../../../arm-none-eabi/lib/thumb/v7-m/nofp/libm.a(lib_a-e_pow.o)
 .ARM.attributes
                0x0000000000000449       0x2d /opt/st/stm32cubeide_1.6.1/plugins/com.st.stm32cube.ide.mcu.externaltools.gnu-tools-for-stm32.9-2020-q2-update.linux64_1.5.0.202011040924/tools/bin/../lib/gcc/arm-none-eabi/9.3.1/../../../../arm-none-eabi/lib/thumb/v7-m/nofp/libm.a(lib_a-e_sqrt.o)
 .ARM.attributes
                0x0000000000000476       0x2d /opt/st/stm32cubeide_1.6.1/plugins/com.st.stm32cube.ide.mcu.externaltools.gnu-tools-for-stm32.9-2020-q2-update.linux64_1.5.0.202011040924/tools/bin/../lib/gcc/arm-none-eabi/9.3.1/../../../../arm-none-eabi/lib/thumb/v7-m/nofp/libm.a(lib_a-s_fabs.o)
 .ARM.attributes
                0x00000000000004a3       0x2d /opt/st/stm32cubeide_1.6.1/plugins/com.st.stm32cube.ide.mcu.externaltools.gnu-tools-for-stm32.9-2020-q2-update.linux64_1.5.0.202011040924/tools/bin/../lib/gcc/arm-none-eabi/9.3.1/../../../../arm-none-eabi/lib/thumb/v7-m/nofp/libm.a(lib_a-s_finite.o)
 .ARM.attributes
                0x00000000000004d0       0x2d /opt/st/stm32cubeide_1.6.1/plugins/com.st.stm32cube.ide.mcu.externaltools.gnu-tools-for-stm32.9-2020-q2-update.linux64_1.5.0.202011040924/tools/bin/../lib/gcc/arm-none-eabi/9.3.1/../../../../arm-none-eabi/lib/thumb/v7-m/nofp/libm.a(lib_a-s_lib_ver.o)
 .ARM.attributes
                0x00000000000004fd       0x2d /opt/st/stm32cubeide_1.6.1/plugins/com.st.stm32cube.ide.mcu.externaltools.gnu-tools-for-stm32.9-2020-q2-update.linux64_1.5.0.202011040924/tools/bin/../lib/gcc/arm-none-eabi/9.3.1/../../../../arm-none-eabi/lib/thumb/v7-m/nofp/libm.a(lib_a-s_nan.o)
 .ARM.attributes
                0x000000000000052a       0x2d /opt/st/stm32cubeide_1.6.1/plugins/com.st.stm32cube.ide.mcu.externaltools.gnu-tools-for-stm32.9-2020-q2-update.linux64_1.5.0.202011040924/tools/bin/../lib/gcc/arm-none-eabi/9.3.1/../../../../arm-none-eabi/lib/thumb/v7-m/nofp/libm.a(lib_a-s_rint.o)
 .ARM.attributes
                0x0000000000000557       0x2d /opt/st/stm32cubeide_1.6.1/plugins/com.st.stm32cube.ide.mcu.externaltools.gnu-tools-for-stm32.9-2020-q2-update.linux64_1.5.0.202011040924/tools/bin/../lib/gcc/arm-none-eabi/9.3.1/../../../../arm-none-eabi/lib/thumb/v7-m/nofp/libm.a(lib_a-s_scalbn.o)
 .ARM.attributes
                0x0000000000000584       0x1d /opt/st/stm32cubeide_1.6.1/plugins/com.st.stm32cube.ide.mcu.externaltools.gnu-tools-for-stm32.9-2020-q2-update.linux64_1.5.0.202011040924/tools/bin/../lib/gcc/arm-none-eabi/9.3.1/thumb/v7-m/nofp/libgcc.a(_arm_addsubdf3.o)
 .ARM.attributes
                0x00000000000005a1       0x1d /opt/st/stm32cubeide_1.6.1/plugins/com.st.stm32cube.ide.mcu.externaltools.gnu-tools-for-stm32.9-2020-q2-update.linux64_1.5.0.202011040924/tools/bin/../lib/gcc/arm-none-eabi/9.3.1/thumb/v7-m/nofp/libgcc.a(_arm_muldivdf3.o)
 .ARM.attributes
                0x00000000000005be       0x1d /opt/st/stm32cubeide_1.6.1/plugins/com.st.stm32cube.ide.mcu.externaltools.gnu-tools-for-stm32.9-2020-q2-update.linux64_1.5.0.202011040924/tools/bin/../lib/gcc/arm-none-eabi/9.3.1/thumb/v7-m/nofp/libgcc.a(_arm_cmpdf2.o)
 .ARM.attributes
                0x00000000000005db       0x1d /opt/st/stm32cubeide_1.6.1/plugins/com.st.stm32cube.ide.mcu.externaltools.gnu-tools-for-stm32.9-2020-q2-update.linux64_1.5.0.202011040924/tools/bin/../lib/gcc/arm-none-eabi/9.3.1/thumb/v7-m/nofp/libgcc.a(_arm_unorddf2.o)
 .ARM.attributes
                0x00000000000005f8       0x1d /opt/st/stm32cubeide_1.6.1/plugins/com.st.stm32cube.ide.mcu.externaltools.gnu-tools-for-stm32.9-2020-q2-update.linux64_1.5.0.202011040924/tools/bin/../lib/gcc/arm-none-eabi/9.3.1/thumb/v7-m/nofp/libgcc.a(_arm_fixunsdfsi.o)
 .ARM.attributes
                0x0000000000000615       0x1d /opt/st/stm32cubeide_1.6.1/plugins/com.st.stm32cube.ide.mcu.externaltools.gnu-tools-for-stm32.9-2020-q2-update.linux64_1.5.0.202011040924/tools/bin/../lib/gcc/arm-none-eabi/9.3.1/thumb/v7-m/nofp/libgcc.a(_arm_addsubsf3.o)
 .ARM.attributes
                0x0000000000000632       0x1d /opt/st/stm32cubeide_1.6.1/plugins/com.st.stm32cube.ide.mcu.externaltools.gnu-tools-for-stm32.9-2020-q2-update.linux64_1.5.0.202011040924/tools/bin/../lib/gcc/arm-none-eabi/9.3.1/thumb/v7-m/nofp/libgcc.a(_arm_muldivsf3.o)
 .ARM.attributes
                0x000000000000064f       0x1d /opt/st/stm32cubeide_1.6.1/plugins/com.st.stm32cube.ide.mcu.externaltools.gnu-tools-for-stm32.9-2020-q2-update.linux64_1.5.0.202011040924/tools/bin/../lib/gcc/arm-none-eabi/9.3.1/thumb/v7-m/nofp/libgcc.a(_arm_cmpsf2.o)
 .ARM.attributes
                0x000000000000066c       0x1d /opt/st/stm32cubeide_1.6.1/plugins/com.st.stm32cube.ide.mcu.externaltools.gnu-tools-for-stm32.9-2020-q2-update.linux64_1.5.0.202011040924/tools/bin/../lib/gcc/arm-none-eabi/9.3.1/thumb/v7-m/nofp/libgcc.a(_arm_fixunssfsi.o)
 .ARM.attributes
                0x0000000000000689       0x1d /opt/st/stm32cubeide_1.6.1/plugins/com.st.stm32cube.ide.mcu.externaltools.gnu-tools-for-stm32.9-2020-q2-update.linux64_1.5.0.202011040924/tools/bin/../lib/gcc/arm-none-eabi/9.3.1/thumb/v7-m/nofp/crtn.o
OUTPUT(Control_PID_STM32F103.elf elf32-littlearm)
LOAD linker stubs
LOAD /opt/st/stm32cubeide_1.6.1/plugins/com.st.stm32cube.ide.mcu.externaltools.gnu-tools-for-stm32.9-2020-q2-update.linux64_1.5.0.202011040924/tools/bin/../lib/gcc/arm-none-eabi/9.3.1/../../../../arm-none-eabi/lib/thumb/v7-m/nofp/libc.a
LOAD /opt/st/stm32cubeide_1.6.1/plugins/com.st.stm32cube.ide.mcu.externaltools.gnu-tools-for-stm32.9-2020-q2-update.linux64_1.5.0.202011040924/tools/bin/../lib/gcc/arm-none-eabi/9.3.1/../../../../arm-none-eabi/lib/thumb/v7-m/nofp/libm.a
LOAD /opt/st/stm32cubeide_1.6.1/plugins/com.st.stm32cube.ide.mcu.externaltools.gnu-tools-for-stm32.9-2020-q2-update.linux64_1.5.0.202011040924/tools/bin/../lib/gcc/arm-none-eabi/9.3.1/thumb/v7-m/nofp/libgcc.a

.debug_info     0x0000000000000000     0xeeba
 .debug_info    0x0000000000000000     0x149c Aplicaciones/app_Debounce.o
 .debug_info    0x000000000000149c      0x77f Aplicaciones/app_Delay.o
 .debug_info    0x0000000000001c1b     0x149e Aplicaciones/app_DigitalDimmer.o
 .debug_info    0x00000000000030b9      0xbcb Aplicaciones/app_MAX7219.o
 .debug_info    0x0000000000003c84      0x4c1 Aplicaciones/pid_controller.o
 .debug_info    0x0000000000004145     0x1a2a Core/Src/main.o
 .debug_info    0x0000000000005b6f      0xe6a Core/Src/stm32f1xx_hal_msp.o
 .debug_info    0x00000000000069d9      0x7ea Core/Src/stm32f1xx_it.o
 .debug_info    0x00000000000071c3      0x479 Core/Src/system_stm32f1xx.o
 .debug_info    0x000000000000763c       0x22 Core/Startup/startup_stm32f103c8tx.o
 .debug_info    0x000000000000765e      0x76a Drivers/STM32F1xx_HAL_Driver/Src/stm32f1xx_hal.o
 .debug_info    0x0000000000007dc8      0xbdc Drivers/STM32F1xx_HAL_Driver/Src/stm32f1xx_hal_cortex.o
 .debug_info    0x00000000000089a4      0x701 Drivers/STM32F1xx_HAL_Driver/Src/stm32f1xx_hal_gpio.o
 .debug_info    0x00000000000090a5      0x88e Drivers/STM32F1xx_HAL_Driver/Src/stm32f1xx_hal_rcc.o
 .debug_info    0x0000000000009933     0x16af Drivers/STM32F1xx_HAL_Driver/Src/stm32f1xx_hal_spi.o
 .debug_info    0x000000000000afe2     0x2a43 Drivers/STM32F1xx_HAL_Driver/Src/stm32f1xx_hal_tim.o
 .debug_info    0x000000000000da25     0x1495 Drivers/STM32F1xx_HAL_Driver/Src/stm32f1xx_hal_tim_ex.o

.debug_abbrev   0x0000000000000000     0x2195
 .debug_abbrev  0x0000000000000000      0x265 Aplicaciones/app_Debounce.o
 .debug_abbrev  0x0000000000000265      0x1ad Aplicaciones/app_Delay.o
 .debug_abbrev  0x0000000000000412      0x25a Aplicaciones/app_DigitalDimmer.o
 .debug_abbrev  0x000000000000066c      0x1c7 Aplicaciones/app_MAX7219.o
 .debug_abbrev  0x0000000000000833      0x14a Aplicaciones/pid_controller.o
 .debug_abbrev  0x000000000000097d      0x2ed Core/Src/main.o
 .debug_abbrev  0x0000000000000c6a      0x1c8 Core/Src/stm32f1xx_hal_msp.o
 .debug_abbrev  0x0000000000000e32      0x176 Core/Src/stm32f1xx_it.o
 .debug_abbrev  0x0000000000000fa8      0x14e Core/Src/system_stm32f1xx.o
 .debug_abbrev  0x00000000000010f6       0x12 Core/Startup/startup_stm32f103c8tx.o
 .debug_abbrev  0x0000000000001108      0x1ed Drivers/STM32F1xx_HAL_Driver/Src/stm32f1xx_hal.o
 .debug_abbrev  0x00000000000012f5      0x313 Drivers/STM32F1xx_HAL_Driver/Src/stm32f1xx_hal_cortex.o
 .debug_abbrev  0x0000000000001608      0x1e8 Drivers/STM32F1xx_HAL_Driver/Src/stm32f1xx_hal_gpio.o
 .debug_abbrev  0x00000000000017f0      0x273 Drivers/STM32F1xx_HAL_Driver/Src/stm32f1xx_hal_rcc.o
 .debug_abbrev  0x0000000000001a63      0x26e Drivers/STM32F1xx_HAL_Driver/Src/stm32f1xx_hal_spi.o
 .debug_abbrev  0x0000000000001cd1      0x25e Drivers/STM32F1xx_HAL_Driver/Src/stm32f1xx_hal_tim.o
 .debug_abbrev  0x0000000000001f2f      0x266 Drivers/STM32F1xx_HAL_Driver/Src/stm32f1xx_hal_tim_ex.o

.debug_aranges  0x0000000000000000      0xcd0
 .debug_aranges
                0x0000000000000000       0x28 Aplicaciones/app_Debounce.o
 .debug_aranges
                0x0000000000000028       0x28 Aplicaciones/app_Delay.o
 .debug_aranges
                0x0000000000000050       0x38 Aplicaciones/app_DigitalDimmer.o
 .debug_aranges
                0x0000000000000088       0x70 Aplicaciones/app_MAX7219.o
 .debug_aranges
                0x00000000000000f8       0xa8 Aplicaciones/pid_controller.o
 .debug_aranges
                0x00000000000001a0       0x60 Core/Src/main.o
 .debug_aranges
                0x0000000000000200       0x40 Core/Src/stm32f1xx_hal_msp.o
 .debug_aranges
                0x0000000000000240       0x70 Core/Src/stm32f1xx_it.o
 .debug_aranges
                0x00000000000002b0       0x28 Core/Src/system_stm32f1xx.o
 .debug_aranges
                0x00000000000002d8       0x28 Core/Startup/startup_stm32f103c8tx.o
 .debug_aranges
                0x0000000000000300       0xe0 Drivers/STM32F1xx_HAL_Driver/Src/stm32f1xx_hal.o
 .debug_aranges
                0x00000000000003e0      0x100 Drivers/STM32F1xx_HAL_Driver/Src/stm32f1xx_hal_cortex.o
 .debug_aranges
                0x00000000000004e0       0x58 Drivers/STM32F1xx_HAL_Driver/Src/stm32f1xx_hal_gpio.o
 .debug_aranges
                0x0000000000000538       0x90 Drivers/STM32F1xx_HAL_Driver/Src/stm32f1xx_hal_rcc.o
 .debug_aranges
                0x00000000000005c8      0x1d0 Drivers/STM32F1xx_HAL_Driver/Src/stm32f1xx_hal_spi.o
 .debug_aranges
                0x0000000000000798      0x3d0 Drivers/STM32F1xx_HAL_Driver/Src/stm32f1xx_hal_tim.o
 .debug_aranges
                0x0000000000000b68      0x168 Drivers/STM32F1xx_HAL_Driver/Src/stm32f1xx_hal_tim_ex.o

.debug_ranges   0x0000000000000000      0xbc8
 .debug_ranges  0x0000000000000000       0x18 Aplicaciones/app_Debounce.o
 .debug_ranges  0x0000000000000018       0x18 Aplicaciones/app_Delay.o
 .debug_ranges  0x0000000000000030       0x28 Aplicaciones/app_DigitalDimmer.o
 .debug_ranges  0x0000000000000058       0x60 Aplicaciones/app_MAX7219.o
 .debug_ranges  0x00000000000000b8       0x98 Aplicaciones/pid_controller.o
 .debug_ranges  0x0000000000000150       0x50 Core/Src/main.o
 .debug_ranges  0x00000000000001a0       0x30 Core/Src/stm32f1xx_hal_msp.o
 .debug_ranges  0x00000000000001d0       0x60 Core/Src/stm32f1xx_it.o
 .debug_ranges  0x0000000000000230       0x18 Core/Src/system_stm32f1xx.o
 .debug_ranges  0x0000000000000248       0x20 Core/Startup/startup_stm32f103c8tx.o
 .debug_ranges  0x0000000000000268       0xd0 Drivers/STM32F1xx_HAL_Driver/Src/stm32f1xx_hal.o
 .debug_ranges  0x0000000000000338       0xf0 Drivers/STM32F1xx_HAL_Driver/Src/stm32f1xx_hal_cortex.o
 .debug_ranges  0x0000000000000428       0x48 Drivers/STM32F1xx_HAL_Driver/Src/stm32f1xx_hal_gpio.o
 .debug_ranges  0x0000000000000470       0x80 Drivers/STM32F1xx_HAL_Driver/Src/stm32f1xx_hal_rcc.o
 .debug_ranges  0x00000000000004f0      0x1c0 Drivers/STM32F1xx_HAL_Driver/Src/stm32f1xx_hal_spi.o
 .debug_ranges  0x00000000000006b0      0x3c0 Drivers/STM32F1xx_HAL_Driver/Src/stm32f1xx_hal_tim.o
 .debug_ranges  0x0000000000000a70      0x158 Drivers/STM32F1xx_HAL_Driver/Src/stm32f1xx_hal_tim_ex.o

.debug_macro    0x0000000000000000    0x18a47
 .debug_macro   0x0000000000000000      0x32c Aplicaciones/app_Debounce.o
 .debug_macro   0x000000000000032c      0xa9c Aplicaciones/app_Debounce.o
 .debug_macro   0x0000000000000dc8       0x22 Aplicaciones/app_Debounce.o
 .debug_macro   0x0000000000000dea       0x4c Aplicaciones/app_Debounce.o
 .debug_macro   0x0000000000000e36       0x18 Aplicaciones/app_Debounce.o
 .debug_macro   0x0000000000000e4e       0x94 Aplicaciones/app_Debounce.o
 .debug_macro   0x0000000000000ee2       0x3c Aplicaciones/app_Debounce.o
 .debug_macro   0x0000000000000f1e       0x34 Aplicaciones/app_Debounce.o
 .debug_macro   0x0000000000000f52       0x16 Aplicaciones/app_Debounce.o
 .debug_macro   0x0000000000000f68       0x57 Aplicaciones/app_Debounce.o
 .debug_macro   0x0000000000000fbf       0x97 Aplicaciones/app_Debounce.o
 .debug_macro   0x0000000000001056      0x339 Aplicaciones/app_Debounce.o
 .debug_macro   0x000000000000138f       0xfd Aplicaciones/app_Debounce.o
 .debug_macro   0x000000000000148c       0x10 Aplicaciones/app_Debounce.o
 .debug_macro   0x000000000000149c       0x16 Aplicaciones/app_Debounce.o
 .debug_macro   0x00000000000014b2       0x43 Aplicaciones/app_Debounce.o
 .debug_macro   0x00000000000014f5       0x34 Aplicaciones/app_Debounce.o
 .debug_macro   0x0000000000001529       0x10 Aplicaciones/app_Debounce.o
 .debug_macro   0x0000000000001539       0x58 Aplicaciones/app_Debounce.o
 .debug_macro   0x0000000000001591       0x71 Aplicaciones/app_Debounce.o
 .debug_macro   0x0000000000001602       0x1c Aplicaciones/app_Debounce.o
 .debug_macro   0x000000000000161e      0x12a Aplicaciones/app_Debounce.o
 .debug_macro   0x0000000000001748       0x10 Aplicaciones/app_Debounce.o
 .debug_macro   0x0000000000001758       0x6a Aplicaciones/app_Debounce.o
 .debug_macro   0x00000000000017c2       0x1c Aplicaciones/app_Debounce.o
 .debug_macro   0x00000000000017de       0x52 Aplicaciones/app_Debounce.o
 .debug_macro   0x0000000000001830       0x22 Aplicaciones/app_Debounce.o
 .debug_macro   0x0000000000001852       0x10 Aplicaciones/app_Debounce.o
 .debug_macro   0x0000000000001862       0x40 Aplicaciones/app_Debounce.o
 .debug_macro   0x00000000000018a2       0xd5 Aplicaciones/app_Debounce.o
 .debug_macro   0x0000000000001977       0x1c Aplicaciones/app_Debounce.o
 .debug_macro   0x0000000000001993       0x3d Aplicaciones/app_Debounce.o
 .debug_macro   0x00000000000019d0       0x16 Aplicaciones/app_Debounce.o
 .debug_macro   0x00000000000019e6      0x145 Aplicaciones/app_Debounce.o
 .debug_macro   0x0000000000001b2b      0x21b Aplicaciones/app_Debounce.o
 .debug_macro   0x0000000000001d46       0x2e Aplicaciones/app_Debounce.o
 .debug_macro   0x0000000000001d74       0x22 Aplicaciones/app_Debounce.o
 .debug_macro   0x0000000000001d96      0x103 Aplicaciones/app_Debounce.o
 .debug_macro   0x0000000000001e99      0x1df Aplicaciones/app_Debounce.o
 .debug_macro   0x0000000000002078       0x1c Aplicaciones/app_Debounce.o
 .debug_macro   0x0000000000002094       0x22 Aplicaciones/app_Debounce.o
 .debug_macro   0x00000000000020b6       0xbd Aplicaciones/app_Debounce.o
 .debug_macro   0x0000000000002173      0xd23 Aplicaciones/app_Debounce.o
 .debug_macro   0x0000000000002e96     0xe097 Aplicaciones/app_Debounce.o
 .debug_macro   0x0000000000010f2d       0x43 Aplicaciones/app_Debounce.o
 .debug_macro   0x0000000000010f70     0x3468 Aplicaciones/app_Debounce.o
 .debug_macro   0x00000000000143d8       0x56 Aplicaciones/app_Debounce.o
 .debug_macro   0x000000000001442e      0x5be Aplicaciones/app_Debounce.o
 .debug_macro   0x00000000000149ec      0x289 Aplicaciones/app_Debounce.o
 .debug_macro   0x0000000000014c75      0x1cb Aplicaciones/app_Debounce.o
 .debug_macro   0x0000000000014e40      0x114 Aplicaciones/app_Debounce.o
 .debug_macro   0x0000000000014f54      0x1b2 Aplicaciones/app_Debounce.o
 .debug_macro   0x0000000000015106       0x27 Aplicaciones/app_Debounce.o
 .debug_macro   0x000000000001512d      0x136 Aplicaciones/app_Debounce.o
 .debug_macro   0x0000000000015263      0x1bc Aplicaciones/app_Debounce.o
 .debug_macro   0x000000000001541f       0x34 Aplicaciones/app_Debounce.o
 .debug_macro   0x0000000000015453       0x3c Aplicaciones/app_Debounce.o
 .debug_macro   0x000000000001548f       0x57 Aplicaciones/app_Debounce.o
 .debug_macro   0x00000000000154e6       0x88 Aplicaciones/app_Debounce.o
 .debug_macro   0x000000000001556e      0x241 Aplicaciones/app_Debounce.o
 .debug_macro   0x00000000000157af      0x141 Aplicaciones/app_Debounce.o
 .debug_macro   0x00000000000158f0      0x217 Aplicaciones/app_Debounce.o
 .debug_macro   0x0000000000015b07      0x8d1 Aplicaciones/app_Debounce.o
 .debug_macro   0x00000000000163d8       0x83 Aplicaciones/app_Debounce.o
 .debug_macro   0x000000000001645b       0x6a Aplicaciones/app_Debounce.o
 .debug_macro   0x00000000000164c5       0x58 Aplicaciones/app_Debounce.o
 .debug_macro   0x000000000001651d      0x1b6 Aplicaciones/app_Delay.o
 .debug_macro   0x00000000000166d3       0x8e Aplicaciones/app_Delay.o
 .debug_macro   0x0000000000016761       0x51 Aplicaciones/app_Delay.o
 .debug_macro   0x00000000000167b2       0xc3 Aplicaciones/app_Delay.o
 .debug_macro   0x0000000000016875      0x174 Aplicaciones/app_Delay.o
 .debug_macro   0x00000000000169e9       0x5c Aplicaciones/app_Delay.o
 .debug_macro   0x0000000000016a45      0x365 Aplicaciones/app_DigitalDimmer.o
 .debug_macro   0x0000000000016daa       0x16 Aplicaciones/app_DigitalDimmer.o
 .debug_macro   0x0000000000016dc0       0x22 Aplicaciones/app_DigitalDimmer.o
 .debug_macro   0x0000000000016de2       0x52 Aplicaciones/app_DigitalDimmer.o
 .debug_macro   0x0000000000016e34       0x35 Aplicaciones/app_DigitalDimmer.o
 .debug_macro   0x0000000000016e69      0x333 Aplicaciones/app_DigitalDimmer.o
 .debug_macro   0x000000000001719c      0x1a9 Aplicaciones/app_DigitalDimmer.o
 .debug_macro   0x0000000000017345      0x1c5 Aplicaciones/app_MAX7219.o
 .debug_macro   0x000000000001750a       0x7c Aplicaciones/pid_controller.o
 .debug_macro   0x0000000000017586      0x38b Core/Src/main.o
 .debug_macro   0x0000000000017911      0x1b2 Core/Src/stm32f1xx_hal_msp.o
 .debug_macro   0x0000000000017ac3      0x1bc Core/Src/stm32f1xx_it.o
 .debug_macro   0x0000000000017c7f      0x1a9 Core/Src/system_stm32f1xx.o
 .debug_macro   0x0000000000017e28      0x1c7 Drivers/STM32F1xx_HAL_Driver/Src/stm32f1xx_hal.o
 .debug_macro   0x0000000000017fef      0x1a3 Drivers/STM32F1xx_HAL_Driver/Src/stm32f1xx_hal_cortex.o
 .debug_macro   0x0000000000018192      0x20e Drivers/STM32F1xx_HAL_Driver/Src/stm32f1xx_hal_gpio.o
 .debug_macro   0x00000000000183a0      0x1b5 Drivers/STM32F1xx_HAL_Driver/Src/stm32f1xx_hal_rcc.o
 .debug_macro   0x0000000000018555      0x1ab Drivers/STM32F1xx_HAL_Driver/Src/stm32f1xx_hal_spi.o
 .debug_macro   0x0000000000018700      0x1a4 Drivers/STM32F1xx_HAL_Driver/Src/stm32f1xx_hal_tim.o
 .debug_macro   0x00000000000188a4      0x1a3 Drivers/STM32F1xx_HAL_Driver/Src/stm32f1xx_hal_tim_ex.o

.debug_line     0x0000000000000000     0xde30
 .debug_line    0x0000000000000000      0xa36 Aplicaciones/app_Debounce.o
 .debug_line    0x0000000000000a36      0x6a8 Aplicaciones/app_Delay.o
 .debug_line    0x00000000000010de      0xaaf Aplicaciones/app_DigitalDimmer.o
 .debug_line    0x0000000000001b8d      0x80a Aplicaciones/app_MAX7219.o
 .debug_line    0x0000000000002397      0x743 Aplicaciones/pid_controller.o
 .debug_line    0x0000000000002ada      0xb1d Core/Src/main.o
 .debug_line    0x00000000000035f7      0x716 Core/Src/stm32f1xx_hal_msp.o
 .debug_line    0x0000000000003d0d      0x744 Core/Src/stm32f1xx_it.o
 .debug_line    0x0000000000004451      0x6f3 Core/Src/system_stm32f1xx.o
 .debug_line    0x0000000000004b44       0x84 Core/Startup/startup_stm32f103c8tx.o
 .debug_line    0x0000000000004bc8      0x903 Drivers/STM32F1xx_HAL_Driver/Src/stm32f1xx_hal.o
 .debug_line    0x00000000000054cb      0xaeb Drivers/STM32F1xx_HAL_Driver/Src/stm32f1xx_hal_cortex.o
 .debug_line    0x0000000000005fb6      0x99a Drivers/STM32F1xx_HAL_Driver/Src/stm32f1xx_hal_gpio.o
 .debug_line    0x0000000000006950      0xd11 Drivers/STM32F1xx_HAL_Driver/Src/stm32f1xx_hal_rcc.o
 .debug_line    0x0000000000007661     0x1b7b Drivers/STM32F1xx_HAL_Driver/Src/stm32f1xx_hal_spi.o
 .debug_line    0x00000000000091dc     0x32ab Drivers/STM32F1xx_HAL_Driver/Src/stm32f1xx_hal_tim.o
 .debug_line    0x000000000000c487     0x19a9 Drivers/STM32F1xx_HAL_Driver/Src/stm32f1xx_hal_tim_ex.o

.debug_str      0x0000000000000000    0x8a6cd
 .debug_str     0x0000000000000000    0x86e9f Aplicaciones/app_Debounce.o
                                      0x87341 (size before relaxing)
 .debug_str     0x0000000000086e9f       0x4e Aplicaciones/app_Delay.o
                                      0x82e88 (size before relaxing)
 .debug_str     0x0000000000086eed      0x962 Aplicaciones/app_DigitalDimmer.o
                                      0x87c10 (size before relaxing)
 .debug_str     0x000000000008784f       0xef Aplicaciones/app_MAX7219.o
                                      0x8327b (size before relaxing)
 .debug_str     0x000000000008793e      0x23e Aplicaciones/pid_controller.o
                                       0x3f4f (size before relaxing)
 .debug_str     0x0000000000087b7c      0x5bd Core/Src/main.o
                                      0x881e9 (size before relaxing)
 .debug_str     0x0000000000088139       0xb2 Core/Src/stm32f1xx_hal_msp.o
                                      0x83434 (size before relaxing)
 .debug_str     0x00000000000881eb       0xe2 Core/Src/stm32f1xx_it.o
                                      0x82f31 (size before relaxing)
 .debug_str     0x00000000000882cd       0xc2 Core/Src/system_stm32f1xx.o
                                      0x828d0 (size before relaxing)
 .debug_str     0x000000000008838f       0x36 Core/Startup/startup_stm32f103c8tx.o
                                         0x83 (size before relaxing)
 .debug_str     0x00000000000883c5      0x2fa Drivers/STM32F1xx_HAL_Driver/Src/stm32f1xx_hal.o
                                      0x82ee7 (size before relaxing)
 .debug_str     0x00000000000886bf      0x2ac Drivers/STM32F1xx_HAL_Driver/Src/stm32f1xx_hal_cortex.o
                                      0x82eef (size before relaxing)
 .debug_str     0x000000000008896b      0x30d Drivers/STM32F1xx_HAL_Driver/Src/stm32f1xx_hal_gpio.o
                                      0x82c1a (size before relaxing)
 .debug_str     0x0000000000088c78      0x24f Drivers/STM32F1xx_HAL_Driver/Src/stm32f1xx_hal_rcc.o
                                      0x82c53 (size before relaxing)
 .debug_str     0x0000000000088ec7      0x543 Drivers/STM32F1xx_HAL_Driver/Src/stm32f1xx_hal_spi.o
                                      0x8315b (size before relaxing)
 .debug_str     0x000000000008940a      0xdac Drivers/STM32F1xx_HAL_Driver/Src/stm32f1xx_hal_tim.o
                                      0x83c25 (size before relaxing)
 .debug_str     0x000000000008a1b6      0x517 Drivers/STM32F1xx_HAL_Driver/Src/stm32f1xx_hal_tim_ex.o
                                      0x833ff (size before relaxing)

.comment        0x0000000000000000       0x53
 .comment       0x0000000000000000       0x53 Aplicaciones/app_Debounce.o
                                         0x54 (size before relaxing)
 .comment       0x0000000000000053       0x54 Aplicaciones/app_Delay.o
 .comment       0x0000000000000053       0x54 Aplicaciones/app_DigitalDimmer.o
 .comment       0x0000000000000053       0x54 Aplicaciones/app_MAX7219.o
 .comment       0x0000000000000053       0x54 Aplicaciones/pid_controller.o
 .comment       0x0000000000000053       0x54 Core/Src/main.o
 .comment       0x0000000000000053       0x54 Core/Src/stm32f1xx_hal_msp.o
 .comment       0x0000000000000053       0x54 Core/Src/stm32f1xx_it.o
 .comment       0x0000000000000053       0x54 Core/Src/system_stm32f1xx.o
 .comment       0x0000000000000053       0x54 Drivers/STM32F1xx_HAL_Driver/Src/stm32f1xx_hal.o
 .comment       0x0000000000000053       0x54 Drivers/STM32F1xx_HAL_Driver/Src/stm32f1xx_hal_cortex.o
 .comment       0x0000000000000053       0x54 Drivers/STM32F1xx_HAL_Driver/Src/stm32f1xx_hal_gpio.o
 .comment       0x0000000000000053       0x54 Drivers/STM32F1xx_HAL_Driver/Src/stm32f1xx_hal_rcc.o
 .comment       0x0000000000000053       0x54 Drivers/STM32F1xx_HAL_Driver/Src/stm32f1xx_hal_spi.o
 .comment       0x0000000000000053       0x54 Drivers/STM32F1xx_HAL_Driver/Src/stm32f1xx_hal_tim.o
 .comment       0x0000000000000053       0x54 Drivers/STM32F1xx_HAL_Driver/Src/stm32f1xx_hal_tim_ex.o

.debug_frame    0x0000000000000000     0x3944
 .debug_frame   0x0000000000000000       0x5c Aplicaciones/app_Debounce.o
 .debug_frame   0x000000000000005c       0x60 Aplicaciones/app_Delay.o
 .debug_frame   0x00000000000000bc       0x9c Aplicaciones/app_DigitalDimmer.o
 .debug_frame   0x0000000000000158      0x170 Aplicaciones/app_MAX7219.o
 .debug_frame   0x00000000000002c8      0x290 Aplicaciones/pid_controller.o
 .debug_frame   0x0000000000000558      0x144 Core/Src/main.o
 .debug_frame   0x000000000000069c       0xc8 Core/Src/stm32f1xx_hal_msp.o
 .debug_frame   0x0000000000000764      0x144 Core/Src/stm32f1xx_it.o
 .debug_frame   0x00000000000008a8       0x58 Core/Src/system_stm32f1xx.o
 .debug_frame   0x0000000000000900      0x334 Drivers/STM32F1xx_HAL_Driver/Src/stm32f1xx_hal.o
 .debug_frame   0x0000000000000c34      0x428 Drivers/STM32F1xx_HAL_Driver/Src/stm32f1xx_hal_cortex.o
 .debug_frame   0x000000000000105c      0x14c Drivers/STM32F1xx_HAL_Driver/Src/stm32f1xx_hal_gpio.o
 .debug_frame   0x00000000000011a8      0x21c Drivers/STM32F1xx_HAL_Driver/Src/stm32f1xx_hal_rcc.o
 .debug_frame   0x00000000000013c4      0x824 Drivers/STM32F1xx_HAL_Driver/Src/stm32f1xx_hal_spi.o
 .debug_frame   0x0000000000001be8     0x11b8 Drivers/STM32F1xx_HAL_Driver/Src/stm32f1xx_hal_tim.o
 .debug_frame   0x0000000000002da0      0x638 Drivers/STM32F1xx_HAL_Driver/Src/stm32f1xx_hal_tim_ex.o
 .debug_frame   0x00000000000033d8       0x20 /opt/st/stm32cubeide_1.6.1/plugins/com.st.stm32cube.ide.mcu.externaltools.gnu-tools-for-stm32.9-2020-q2-update.linux64_1.5.0.202011040924/tools/bin/../lib/gcc/arm-none-eabi/9.3.1/../../../../arm-none-eabi/lib/thumb/v7-m/nofp/libc_nano.a(lib_a-errno.o)
 .debug_frame   0x00000000000033f8       0x2c /opt/st/stm32cubeide_1.6.1/plugins/com.st.stm32cube.ide.mcu.externaltools.gnu-tools-for-stm32.9-2020-q2-update.linux64_1.5.0.202011040924/tools/bin/../lib/gcc/arm-none-eabi/9.3.1/../../../../arm-none-eabi/lib/thumb/v7-m/nofp/libc_nano.a(lib_a-init.o)
 .debug_frame   0x0000000000003424       0x20 /opt/st/stm32cubeide_1.6.1/plugins/com.st.stm32cube.ide.mcu.externaltools.gnu-tools-for-stm32.9-2020-q2-update.linux64_1.5.0.202011040924/tools/bin/../lib/gcc/arm-none-eabi/9.3.1/../../../../arm-none-eabi/lib/thumb/v7-m/nofp/libc_nano.a(lib_a-memset.o)
 .debug_frame   0x0000000000003444       0x34 /opt/st/stm32cubeide_1.6.1/plugins/com.st.stm32cube.ide.mcu.externaltools.gnu-tools-for-stm32.9-2020-q2-update.linux64_1.5.0.202011040924/tools/bin/../lib/gcc/arm-none-eabi/9.3.1/../../../../arm-none-eabi/lib/thumb/v7-m/nofp/libm.a(lib_a-w_pow.o)
 .debug_frame   0x0000000000003478       0x64 /opt/st/stm32cubeide_1.6.1/plugins/com.st.stm32cube.ide.mcu.externaltools.gnu-tools-for-stm32.9-2020-q2-update.linux64_1.5.0.202011040924/tools/bin/../lib/gcc/arm-none-eabi/9.3.1/../../../../arm-none-eabi/lib/thumb/v7-m/nofp/libm.a(lib_a-e_pow.o)
 .debug_frame   0x00000000000034dc       0x30 /opt/st/stm32cubeide_1.6.1/plugins/com.st.stm32cube.ide.mcu.externaltools.gnu-tools-for-stm32.9-2020-q2-update.linux64_1.5.0.202011040924/tools/bin/../lib/gcc/arm-none-eabi/9.3.1/../../../../arm-none-eabi/lib/thumb/v7-m/nofp/libm.a(lib_a-e_sqrt.o)
 .debug_frame   0x000000000000350c       0x20 /opt/st/stm32cubeide_1.6.1/plugins/com.st.stm32cube.ide.mcu.externaltools.gnu-tools-for-stm32.9-2020-q2-update.linux64_1.5.0.202011040924/tools/bin/../lib/gcc/arm-none-eabi/9.3.1/../../../../arm-none-eabi/lib/thumb/v7-m/nofp/libm.a(lib_a-s_fabs.o)
 .debug_frame   0x000000000000352c       0x20 /opt/st/stm32cubeide_1.6.1/plugins/com.st.stm32cube.ide.mcu.externaltools.gnu-tools-for-stm32.9-2020-q2-update.linux64_1.5.0.202011040924/tools/bin/../lib/gcc/arm-none-eabi/9.3.1/../../../../arm-none-eabi/lib/thumb/v7-m/nofp/libm.a(lib_a-s_finite.o)
 .debug_frame   0x000000000000354c       0x20 /opt/st/stm32cubeide_1.6.1/plugins/com.st.stm32cube.ide.mcu.externaltools.gnu-tools-for-stm32.9-2020-q2-update.linux64_1.5.0.202011040924/tools/bin/../lib/gcc/arm-none-eabi/9.3.1/../../../../arm-none-eabi/lib/thumb/v7-m/nofp/libm.a(lib_a-s_nan.o)
 .debug_frame   0x000000000000356c       0x34 /opt/st/stm32cubeide_1.6.1/plugins/com.st.stm32cube.ide.mcu.externaltools.gnu-tools-for-stm32.9-2020-q2-update.linux64_1.5.0.202011040924/tools/bin/../lib/gcc/arm-none-eabi/9.3.1/../../../../arm-none-eabi/lib/thumb/v7-m/nofp/libm.a(lib_a-s_rint.o)
 .debug_frame   0x00000000000035a0       0x30 /opt/st/stm32cubeide_1.6.1/plugins/com.st.stm32cube.ide.mcu.externaltools.gnu-tools-for-stm32.9-2020-q2-update.linux64_1.5.0.202011040924/tools/bin/../lib/gcc/arm-none-eabi/9.3.1/../../../../arm-none-eabi/lib/thumb/v7-m/nofp/libm.a(lib_a-s_scalbn.o)
 .debug_frame   0x00000000000035d0       0xac /opt/st/stm32cubeide_1.6.1/plugins/com.st.stm32cube.ide.mcu.externaltools.gnu-tools-for-stm32.9-2020-q2-update.linux64_1.5.0.202011040924/tools/bin/../lib/gcc/arm-none-eabi/9.3.1/thumb/v7-m/nofp/libgcc.a(_arm_addsubdf3.o)
 .debug_frame   0x000000000000367c       0x50 /opt/st/stm32cubeide_1.6.1/plugins/com.st.stm32cube.ide.mcu.externaltools.gnu-tools-for-stm32.9-2020-q2-update.linux64_1.5.0.202011040924/tools/bin/../lib/gcc/arm-none-eabi/9.3.1/thumb/v7-m/nofp/libgcc.a(_arm_muldivdf3.o)
 .debug_frame   0x00000000000036cc       0xc4 /opt/st/stm32cubeide_1.6.1/plugins/com.st.stm32cube.ide.mcu.externaltools.gnu-tools-for-stm32.9-2020-q2-update.linux64_1.5.0.202011040924/tools/bin/../lib/gcc/arm-none-eabi/9.3.1/thumb/v7-m/nofp/libgcc.a(_arm_cmpdf2.o)
 .debug_frame   0x0000000000003790       0x20 /opt/st/stm32cubeide_1.6.1/plugins/com.st.stm32cube.ide.mcu.externaltools.gnu-tools-for-stm32.9-2020-q2-update.linux64_1.5.0.202011040924/tools/bin/../lib/gcc/arm-none-eabi/9.3.1/thumb/v7-m/nofp/libgcc.a(_arm_unorddf2.o)
 .debug_frame   0x00000000000037b0       0x24 /opt/st/stm32cubeide_1.6.1/plugins/com.st.stm32cube.ide.mcu.externaltools.gnu-tools-for-stm32.9-2020-q2-update.linux64_1.5.0.202011040924/tools/bin/../lib/gcc/arm-none-eabi/9.3.1/thumb/v7-m/nofp/libgcc.a(_arm_fixunsdfsi.o)
 .debug_frame   0x00000000000037d4       0x4c /opt/st/stm32cubeide_1.6.1/plugins/com.st.stm32cube.ide.mcu.externaltools.gnu-tools-for-stm32.9-2020-q2-update.linux64_1.5.0.202011040924/tools/bin/../lib/gcc/arm-none-eabi/9.3.1/thumb/v7-m/nofp/libgcc.a(_arm_addsubsf3.o)
 .debug_frame   0x0000000000003820       0x38 /opt/st/stm32cubeide_1.6.1/plugins/com.st.stm32cube.ide.mcu.externaltools.gnu-tools-for-stm32.9-2020-q2-update.linux64_1.5.0.202011040924/tools/bin/../lib/gcc/arm-none-eabi/9.3.1/thumb/v7-m/nofp/libgcc.a(_arm_muldivsf3.o)
 .debug_frame   0x0000000000003858       0xc8 /opt/st/stm32cubeide_1.6.1/plugins/com.st.stm32cube.ide.mcu.externaltools.gnu-tools-for-stm32.9-2020-q2-update.linux64_1.5.0.202011040924/tools/bin/../lib/gcc/arm-none-eabi/9.3.1/thumb/v7-m/nofp/libgcc.a(_arm_cmpsf2.o)
 .debug_frame   0x0000000000003920       0x24 /opt/st/stm32cubeide_1.6.1/plugins/com.st.stm32cube.ide.mcu.externaltools.gnu-tools-for-stm32.9-2020-q2-update.linux64_1.5.0.202011040924/tools/bin/../lib/gcc/arm-none-eabi/9.3.1/thumb/v7-m/nofp/libgcc.a(_arm_fixunssfsi.o)
